============================================
Job:      17005287  (morgan_r4_n2048_pca)
Node:     node226
CPUs:     20
Started:  Mon Jun 29 20:19:03 CEST 2026
Radius:   4
Nbits:    2048
PCA:      1
============================================
xgboost: 2.1.4
rdkit: ok
=== Logging to /proj/berzelius-2026-62/users/x_ribec/surfactant-surrogates/SurfPro-MD/morgan-models/morgan_pca_r4_n2048_20260629_201915.log ===

radius=4  nbits=2048  pca=True  n_trials=30
CPUs=20  fold_jobs=5  optuna_jobs=4

Loading /proj/berzelius-2026-62/users/x_ribec/surfactant-surrogates/SurfPro-MD/data/SurfPro-MD.csv …
  1436 valid molecules
Butina clustering (radius=2, 1024 bits, Tc-threshold=0.6) …
  91 clusters

Computing Morgan fingerprints (radius=4, nbits=2048) …
  Fingerprint matrix: (1436, 2048)  density=0.0260

############################################################
# Training → models_morgan_pca_r4_n2048.pkl
############################################################

==================================================
Target: pCMC
  filter_outliers(pCMC): 1234 → 1234 (-0)
  PCA: 2048 bits → 313 PCs (95% variance)
  NN isolation (thr=50.0): 1234 → 1234 (-0)

  ### TEST SPLIT 0  (5 folds × 4 Optuna trials in parallel)
    fold 0 R²(val)=0.055  {'learning_rate': 0.016969577532314657, 'max_depth': 3, 'n_estimators': 499}
    fold 3 R²(val)=0.250  {'learning_rate': 0.17208162380087924, 'max_depth': 5, 'n_estimators': 388}
    fold 2 R²(val)=0.064  {'learning_rate': 0.03849220649072069, 'max_depth': 6, 'n_estimators': 152}
    fold 1 R²(val)=0.187  {'learning_rate': 0.06624208682193683, 'max_depth': 7, 'n_estimators': 241}
    fold 4 R²(val)=0.393  {'learning_rate': 0.026319536859220657, 'max_depth': 9, 'n_estimators': 377}
  Ensemble R² = 0.232  ρ = 0.578

  ### TEST SPLIT 1  (5 folds × 4 Optuna trials in parallel)
    fold 3 R²(val)=-0.061  {'learning_rate': 0.01288079181142532, 'max_depth': 4, 'n_estimators': 203}
    fold 0 R²(val)=0.185  {'learning_rate': 0.1405632288396509, 'max_depth': 4, 'n_estimators': 299}
    fold 4 R²(val)=0.178  {'learning_rate': 0.10509613631117755, 'max_depth': 5, 'n_estimators': 359}
    fold 2 R²(val)=0.209  {'learning_rate': 0.06447643899532948, 'max_depth': 6, 'n_estimators': 496}
    fold 1 R²(val)=0.234  {'learning_rate': 0.010110755726507195, 'max_depth': 7, 'n_estimators': 418}
  Ensemble R² = 0.310  ρ = 0.664

  ### TEST SPLIT 2  (5 folds × 4 Optuna trials in parallel)
    fold 1 R²(val)=0.138  {'learning_rate': 0.07822508958024367, 'max_depth': 3, 'n_estimators': 254}
    fold 0 R²(val)=0.270  {'learning_rate': 0.14877258412742522, 'max_depth': 4, 'n_estimators': 294}
    fold 2 R²(val)=0.322  {'learning_rate': 0.015385635070892538, 'max_depth': 4, 'n_estimators': 360}
    fold 3 R²(val)=0.110  {'learning_rate': 0.04789818494812821, 'max_depth': 3, 'n_estimators': 215}
    fold 4 R²(val)=0.466  {'learning_rate': 0.15624762697458594, 'max_depth': 9, 'n_estimators': 307}
  Ensemble R² = 0.124  ρ = 0.333

  ### TEST SPLIT 3  (5 folds × 4 Optuna trials in parallel)
    fold 2 R²(val)=0.216  {'learning_rate': 0.15189699857318453, 'max_depth': 3, 'n_estimators': 235}
    fold 3 R²(val)=0.007  {'learning_rate': 0.07010020390300974, 'max_depth': 3, 'n_estimators': 487}
    fold 4 R²(val)=0.003  {'learning_rate': 0.15341389193367205, 'max_depth': 5, 'n_estimators': 372}
    fold 0 R²(val)=0.247  {'learning_rate': 0.2789830291097684, 'max_depth': 3, 'n_estimators': 284}
    fold 1 R²(val)=0.109  {'learning_rate': 0.14668722913401586, 'max_depth': 5, 'n_estimators': 367}
  Ensemble R² = 0.326  ρ = 0.661

  ### TEST SPLIT 4  (5 folds × 4 Optuna trials in parallel)
    fold 4 R²(val)=0.315  {'learning_rate': 0.17979284013631078, 'max_depth': 3, 'n_estimators': 500}
    fold 2 R²(val)=0.349  {'learning_rate': 0.18498839282942006, 'max_depth': 4, 'n_estimators': 122}
    fold 1 R²(val)=0.166  {'learning_rate': 0.18301612070687914, 'max_depth': 6, 'n_estimators': 247}
    fold 0 R²(val)=0.201  {'learning_rate': 0.04676344101671845, 'max_depth': 6, 'n_estimators': 367}
    fold 3 R²(val)=0.274  {'learning_rate': 0.03306487058302524, 'max_depth': 9, 'n_estimators': 415}
  Ensemble R² = 0.223  ρ = 0.630
  Checkpoint → /proj/berzelius-2026-62/users/x_ribec/surfactant-surrogates/SurfPro-MD/morgan-models/models_morgan_pca_r4_n2048.pkl

==================================================
Target: AW_ST_CMC
  filter_outliers(AW_ST_CMC): 860 → 836 (-24)
  PCA: 2048 bits → 233 PCs (95% variance)
  NN isolation (thr=50.0): 836 → 836 (-0)

  ### TEST SPLIT 0  (5 folds × 4 Optuna trials in parallel)
    fold 0 R²(val)=0.153  {'learning_rate': 0.13082534408924754, 'max_depth': 4, 'n_estimators': 279}
    fold 4 R²(val)=0.182  {'learning_rate': 0.05298096557608598, 'max_depth': 4, 'n_estimators': 460}
    fold 1 R²(val)=-0.155  {'learning_rate': 0.012172715540227938, 'max_depth': 8, 'n_estimators': 184}
    fold 2 R²(val)=0.063  {'learning_rate': 0.023867626087869652, 'max_depth': 9, 'n_estimators': 269}
    fold 3 R²(val)=-0.012  {'learning_rate': 0.020392697173835534, 'max_depth': 9, 'n_estimators': 325}
  Ensemble R² = -0.037  ρ = 0.290

  ### TEST SPLIT 1  (5 folds × 4 Optuna trials in parallel)
    fold 0 R²(val)=0.268  {'learning_rate': 0.11885945704959809, 'max_depth': 3, 'n_estimators': 161}
    fold 4 R²(val)=0.202  {'learning_rate': 0.09834337495754183, 'max_depth': 4, 'n_estimators': 417}
    fold 3 R²(val)=0.134  {'learning_rate': 0.016337813618076392, 'max_depth': 3, 'n_estimators': 201}
    fold 1 R²(val)=0.073  {'learning_rate': 0.08020559169065494, 'max_depth': 4, 'n_estimators': 493}
    fold 2 R²(val)=-0.218  {'learning_rate': 0.010255296876428125, 'max_depth': 7, 'n_estimators': 100}
  Ensemble R² = 0.188  ρ = 0.413

  ### TEST SPLIT 2  (5 folds × 4 Optuna trials in parallel)
    fold 1 R²(val)=0.120  {'learning_rate': 0.06230410142812547, 'max_depth': 3, 'n_estimators': 293}
    fold 2 R²(val)=0.043  {'learning_rate': 0.04292509589484943, 'max_depth': 3, 'n_estimators': 500}
    fold 3 R²(val)=0.153  {'learning_rate': 0.015028402636483243, 'max_depth': 3, 'n_estimators': 338}
    fold 0 R²(val)=0.314  {'learning_rate': 0.25408741242960353, 'max_depth': 6, 'n_estimators': 500}
    fold 4 R²(val)=-0.092  {'learning_rate': 0.2795957231600072, 'max_depth': 7, 'n_estimators': 448}
  Ensemble R² = 0.222  ρ = 0.591

  ### TEST SPLIT 3  (5 folds × 4 Optuna trials in parallel)
    fold 4 R²(val)=0.182  {'learning_rate': 0.05332111931656665, 'max_depth': 3, 'n_estimators': 160}
    fold 1 R²(val)=0.092  {'learning_rate': 0.11283751768387638, 'max_depth': 3, 'n_estimators': 416}
    fold 0 R²(val)=0.110  {'learning_rate': 0.026559778558103753, 'max_depth': 3, 'n_estimators': 333}
    fold 3 R²(val)=-0.051  {'learning_rate': 0.06042532492466547, 'max_depth': 3, 'n_estimators': 271}
    fold 2 R²(val)=0.138  {'learning_rate': 0.028910119960420755, 'max_depth': 6, 'n_estimators': 184}
  Ensemble R² = 0.226  ρ = 0.517

  ### TEST SPLIT 4  (5 folds × 4 Optuna trials in parallel)
    fold 3 R²(val)=0.333  {'learning_rate': 0.056381221868420234, 'max_depth': 3, 'n_estimators': 435}
    fold 1 R²(val)=-0.117  {'learning_rate': 0.12703993847660303, 'max_depth': 4, 'n_estimators': 235}
    fold 2 R²(val)=0.153  {'learning_rate': 0.11794601021545811, 'max_depth': 4, 'n_estimators': 382}
    fold 4 R²(val)=0.197  {'learning_rate': 0.09357102695115654, 'max_depth': 4, 'n_estimators': 440}
    fold 0 R²(val)=0.168  {'learning_rate': 0.020626341104740795, 'max_depth': 9, 'n_estimators': 378}
  Ensemble R² = 0.215  ρ = 0.565
  Checkpoint → /proj/berzelius-2026-62/users/x_ribec/surfactant-surrogates/SurfPro-MD/morgan-models/models_morgan_pca_r4_n2048.pkl

==================================================
Target: Gamma_max
  filter_outliers(Gamma_max): 592 → 584 (-8)
  PCA: 2048 bits → 170 PCs (95% variance)
  NN isolation (thr=50.0): 584 → 584 (-0)

  ### TEST SPLIT 0  (5 folds × 4 Optuna trials in parallel)
    fold 4 R²(val)=-0.080  {'learning_rate': 0.025260813533949145, 'max_depth': 4, 'n_estimators': 150}
    fold 2 R²(val)=-0.055  {'learning_rate': 0.02379178354636301, 'max_depth': 3, 'n_estimators': 450}
    fold 0 R²(val)=0.253  {'learning_rate': 0.010144848348568096, 'max_depth': 6, 'n_estimators': 442}
    fold 3 R²(val)=0.113  {'learning_rate': 0.07600619506554974, 'max_depth': 7, 'n_estimators': 438}
    fold 1 R²(val)=0.280  {'learning_rate': 0.04425800859797352, 'max_depth': 10, 'n_estimators': 468}
  Ensemble R² = 0.226  ρ = 0.416

  ### TEST SPLIT 1  (5 folds × 4 Optuna trials in parallel)
    fold 4 R²(val)=0.071  {'learning_rate': 0.01877902551017353, 'max_depth': 4, 'n_estimators': 229}
    fold 0 R²(val)=-0.104  {'learning_rate': 0.019534322182396913, 'max_depth': 4, 'n_estimators': 173}
    fold 1 R²(val)=-1.040  {'learning_rate': 0.011666326618553212, 'max_depth': 4, 'n_estimators': 103}
    fold 2 R²(val)=-0.486  {'learning_rate': 0.011292546670054391, 'max_depth': 3, 'n_estimators': 278}
    fold 3 R²(val)=0.100  {'learning_rate': 0.024040413428545238, 'max_depth': 6, 'n_estimators': 439}
  Ensemble R² = 0.275  ρ = 0.625

  ### TEST SPLIT 2  (5 folds × 4 Optuna trials in parallel)
    fold 4 R²(val)=0.493  {'learning_rate': 0.1480047231809317, 'max_depth': 5, 'n_estimators': 216}
    fold 0 R²(val)=-0.191  {'learning_rate': 0.027424590296335895, 'max_depth': 4, 'n_estimators': 494}
    fold 3 R²(val)=0.527  {'learning_rate': 0.23443596933677005, 'max_depth': 10, 'n_estimators': 121}
    fold 2 R²(val)=0.062  {'learning_rate': 0.014304902247976746, 'max_depth': 8, 'n_estimators': 101}
    fold 1 R²(val)=0.239  {'learning_rate': 0.07111194484305718, 'max_depth': 8, 'n_estimators': 495}
  Ensemble R² = -0.258  ρ = -0.113

  ### TEST SPLIT 3  (5 folds × 4 Optuna trials in parallel)
    fold 4 R²(val)=-0.573  {'learning_rate': 0.010119321379440795, 'max_depth': 3, 'n_estimators': 239}
    fold 1 R²(val)=0.001  {'learning_rate': 0.01025909339379445, 'max_depth': 5, 'n_estimators': 125}
    fold 3 R²(val)=0.118  {'learning_rate': 0.1651962732408333, 'max_depth': 3, 'n_estimators': 338}
    fold 2 R²(val)=0.097  {'learning_rate': 0.0582455477348658, 'max_depth': 10, 'n_estimators': 259}
    fold 0 R²(val)=0.341  {'learning_rate': 0.07367459023292654, 'max_depth': 7, 'n_estimators': 419}
  Ensemble R² = 0.059  ρ = 0.368

  ### TEST SPLIT 4  (5 folds × 4 Optuna trials in parallel)
    fold 2 R²(val)=-0.069  {'learning_rate': 0.011049446829743997, 'max_depth': 3, 'n_estimators': 329}
    fold 0 R²(val)=-1.156  {'learning_rate': 0.17568245393086632, 'max_depth': 5, 'n_estimators': 232}
    fold 1 R²(val)=-0.175  {'learning_rate': 0.2906500846626897, 'max_depth': 3, 'n_estimators': 287}
    fold 3 R²(val)=-0.019  {'learning_rate': 0.19871134011684355, 'max_depth': 3, 'n_estimators': 222}
    fold 4 R²(val)=-0.041  {'learning_rate': 0.03875141632439974, 'max_depth': 5, 'n_estimators': 191}
  Ensemble R² = 0.108  ρ = 0.357
  Checkpoint → /proj/berzelius-2026-62/users/x_ribec/surfactant-surrogates/SurfPro-MD/morgan-models/models_morgan_pca_r4_n2048.pkl

==================================================
Target: Area_min
  filter_outliers(Area_min): 595 → 588 (-7)
  PCA: 2048 bits → 173 PCs (95% variance)
  NN isolation (thr=50.0): 588 → 588 (-0)

  ### TEST SPLIT 0  (5 folds × 4 Optuna trials in parallel)
    fold 2 R²(val)=-0.620  {'learning_rate': 0.010522371138621619, 'max_depth': 4, 'n_estimators': 202}
    fold 0 R²(val)=-0.034  {'learning_rate': 0.012102418282961172, 'max_depth': 4, 'n_estimators': 126}
    fold 4 R²(val)=-0.088  {'learning_rate': 0.21686016440846148, 'max_depth': 5, 'n_estimators': 346}
    fold 1 R²(val)=-0.358  {'learning_rate': 0.1989139969722816, 'max_depth': 4, 'n_estimators': 142}
    fold 3 R²(val)=0.250  {'learning_rate': 0.2221452607011578, 'max_depth': 6, 'n_estimators': 499}
  Ensemble R² = -1.435  ρ = 0.051

  ### TEST SPLIT 1  (5 folds × 4 Optuna trials in parallel)
    fold 3 R²(val)=0.262  {'learning_rate': 0.19870483221289917, 'max_depth': 4, 'n_estimators': 265}
    fold 4 R²(val)=-0.010  {'learning_rate': 0.15666678650175458, 'max_depth': 8, 'n_estimators': 456}
    fold 0 R²(val)=-0.093  {'learning_rate': 0.1613906917485055, 'max_depth': 3, 'n_estimators': 402}
    fold 1 R²(val)=0.031  {'learning_rate': 0.10945478540370115, 'max_depth': 10, 'n_estimators': 271}
    fold 2 R²(val)=-0.166  {'learning_rate': 0.0951906925141395, 'max_depth': 10, 'n_estimators': 437}
  Ensemble R² = 0.306  ρ = 0.667

  ### TEST SPLIT 2  (5 folds × 4 Optuna trials in parallel)
    fold 0 R²(val)=-3.827  {'learning_rate': 0.010218321928692467, 'max_depth': 4, 'n_estimators': 104}
    fold 1 R²(val)=-0.376  {'learning_rate': 0.0907212470848763, 'max_depth': 3, 'n_estimators': 198}
    fold 4 R²(val)=-0.082  {'learning_rate': 0.019774875986708716, 'max_depth': 3, 'n_estimators': 439}
    fold 3 R²(val)=-0.032  {'learning_rate': 0.29043973442477594, 'max_depth': 3, 'n_estimators': 293}
    fold 2 R²(val)=-0.525  {'learning_rate': 0.010457120035753826, 'max_depth': 9, 'n_estimators': 106}
  Ensemble R² = 0.297  ρ = 0.297

  ### TEST SPLIT 3  (5 folds × 4 Optuna trials in parallel)
    fold 3 R²(val)=-0.183  {'learning_rate': 0.012599998173870612, 'max_depth': 4, 'n_estimators': 111}
    fold 1 R²(val)=-0.217  {'learning_rate': 0.01004755876333541, 'max_depth': 5, 'n_estimators': 102}
    fold 2 R²(val)=-0.101  {'learning_rate': 0.025978648411972675, 'max_depth': 4, 'n_estimators': 124}
    fold 4 R²(val)=-0.450  {'learning_rate': 0.23545974959252117, 'max_depth': 6, 'n_estimators': 444}
    fold 0 R²(val)=0.398  {'learning_rate': 0.03024750236215262, 'max_depth': 6, 'n_estimators': 300}
  Ensemble R² = -1.481  ρ = -0.031

  ### TEST SPLIT 4  (5 folds × 4 Optuna trials in parallel)
    fold 0 R²(val)=0.232  {'learning_rate': 0.1785677979770091, 'max_depth': 4, 'n_estimators': 231}
    fold 4 R²(val)=-0.129  {'learning_rate': 0.03254814949403924, 'max_depth': 5, 'n_estimators': 189}
    fold 1 R²(val)=-0.261  {'learning_rate': 0.013178254240716057, 'max_depth': 5, 'n_estimators': 133}
    fold 3 R²(val)=0.404  {'learning_rate': 0.020008846712987888, 'max_depth': 6, 'n_estimators': 440}
    fold 2 R²(val)=-0.143  {'learning_rate': 0.017238951554519703, 'max_depth': 9, 'n_estimators': 132}
  Ensemble R² = -1.592  ρ = 0.233
  Checkpoint → /proj/berzelius-2026-62/users/x_ribec/surfactant-surrogates/SurfPro-MD/morgan-models/models_morgan_pca_r4_n2048.pkl

==================================================
Target: pC20
  filter_outliers(pC20): 577 → 571 (-6)
  PCA: 2048 bits → 167 PCs (95% variance)
  NN isolation (thr=50.0): 571 → 571 (-0)

  ### TEST SPLIT 0  (5 folds × 4 Optuna trials in parallel)
    fold 3 R²(val)=0.002  {'learning_rate': 0.010037523032932587, 'max_depth': 3, 'n_estimators': 260}
    fold 0 R²(val)=0.249  {'learning_rate': 0.06826048345082192, 'max_depth': 4, 'n_estimators': 377}
    fold 2 R²(val)=0.373  {'learning_rate': 0.06536382664280001, 'max_depth': 3, 'n_estimators': 488}
    fold 4 R²(val)=0.273  {'learning_rate': 0.01288403317739097, 'max_depth': 3, 'n_estimators': 245}
    fold 1 R²(val)=0.138  {'learning_rate': 0.014489255668134363, 'max_depth': 6, 'n_estimators': 404}
  Ensemble R² = -0.127  ρ = 0.110

  ### TEST SPLIT 1  (5 folds × 4 Optuna trials in parallel)
    fold 1 R²(val)=0.250  {'learning_rate': 0.01681467905838014, 'max_depth': 5, 'n_estimators': 362}
    fold 0 R²(val)=0.288  {'learning_rate': 0.13774224842916574, 'max_depth': 8, 'n_estimators': 136}
    fold 4 R²(val)=0.154  {'learning_rate': 0.08286689013261515, 'max_depth': 5, 'n_estimators': 493}
    fold 3 R²(val)=0.142  {'learning_rate': 0.12867805802683577, 'max_depth': 3, 'n_estimators': 140}
    fold 2 R²(val)=0.135  {'learning_rate': 0.15583182497259163, 'max_depth': 10, 'n_estimators': 178}
  Ensemble R² = -0.463  ρ = 0.462

  ### TEST SPLIT 2  (5 folds × 4 Optuna trials in parallel)
    fold 3 R²(val)=0.330  {'learning_rate': 0.047318840880147636, 'max_depth': 3, 'n_estimators': 487}
    fold 2 R²(val)=0.230  {'learning_rate': 0.17978394767603761, 'max_depth': 4, 'n_estimators': 394}
    fold 0 R²(val)=0.158  {'learning_rate': 0.0464024418040225, 'max_depth': 3, 'n_estimators': 360}
    fold 4 R²(val)=0.155  {'learning_rate': 0.03849140992931492, 'max_depth': 5, 'n_estimators': 283}
    fold 1 R²(val)=-0.215  {'learning_rate': 0.06574978874239386, 'max_depth': 7, 'n_estimators': 386}
  Ensemble R² = 0.331  ρ = 0.524

  ### TEST SPLIT 3  (5 folds × 4 Optuna trials in parallel)
    fold 1 R²(val)=0.138  {'learning_rate': 0.010412263439480382, 'max_depth': 4, 'n_estimators': 354}
    fold 2 R²(val)=0.187  {'learning_rate': 0.028036467320761864, 'max_depth': 3, 'n_estimators': 461}
    fold 0 R²(val)=-0.572  {'learning_rate': 0.10820317648025062, 'max_depth': 4, 'n_estimators': 461}
    fold 3 R²(val)=0.118  {'learning_rate': 0.011348715226262645, 'max_depth': 5, 'n_estimators': 456}
    fold 4 R²(val)=0.173  {'learning_rate': 0.012995822629616257, 'max_depth': 4, 'n_estimators': 384}
  Ensemble R² = 0.127  ρ = 0.538

  ### TEST SPLIT 4  (5 folds × 4 Optuna trials in parallel)
    fold 4 R²(val)=-0.040  {'learning_rate': 0.030193924076791674, 'max_depth': 3, 'n_estimators': 269}
    fold 0 R²(val)=0.246  {'learning_rate': 0.19051120321342035, 'max_depth': 4, 'n_estimators': 433}
    fold 3 R²(val)=0.097  {'learning_rate': 0.014716935336903453, 'max_depth': 3, 'n_estimators': 170}
    fold 2 R²(val)=0.423  {'learning_rate': 0.019532305739802705, 'max_depth': 7, 'n_estimators': 251}
    fold 1 R²(val)=0.541  {'learning_rate': 0.03105028662598424, 'max_depth': 9, 'n_estimators': 167}
  Ensemble R² = 0.193  ρ = 0.458
  Checkpoint → /proj/berzelius-2026-62/users/x_ribec/surfactant-surrogates/SurfPro-MD/morgan-models/models_morgan_pca_r4_n2048.pkl

==================================================
Target: D_MOL
  filter_outliers(D_MOL): 1436 → 1434 (-2)
  PCA: 2048 bits → 359 PCs (95% variance)
  NN isolation (thr=50.0): 1434 → 1434 (-0)

  ### TEST SPLIT 0  (5 folds × 4 Optuna trials in parallel)
    fold 3 R²(val)=-0.355  {'learning_rate': 0.015114869998212037, 'max_depth': 3, 'n_estimators': 167}
    fold 0 R²(val)=-0.020  {'learning_rate': 0.09998036313859437, 'max_depth': 5, 'n_estimators': 130}
    fold 1 R²(val)=-0.354  {'learning_rate': 0.01192061586230667, 'max_depth': 3, 'n_estimators': 289}
    fold 2 R²(val)=0.465  {'learning_rate': 0.037224566463876924, 'max_depth': 3, 'n_estimators': 415}
    fold 4 R²(val)=0.243  {'learning_rate': 0.01610277644915524, 'max_depth': 3, 'n_estimators': 321}
  Ensemble R² = -0.526  ρ = 0.193

  ### TEST SPLIT 1  (5 folds × 4 Optuna trials in parallel)
    fold 3 R²(val)=0.054  {'learning_rate': 0.016131327229842226, 'max_depth': 3, 'n_estimators': 191}
    fold 2 R²(val)=0.233  {'learning_rate': 0.05135719800759866, 'max_depth': 4, 'n_estimators': 481}
    fold 1 R²(val)=0.370  {'learning_rate': 0.019408333270627427, 'max_depth': 3, 'n_estimators': 485}
    fold 0 R²(val)=0.395  {'learning_rate': 0.058442580878377406, 'max_depth': 4, 'n_estimators': 227}
    fold 4 R²(val)=0.062  {'learning_rate': 0.010500589641406832, 'max_depth': 7, 'n_estimators': 118}
  Ensemble R² = 0.056  ρ = 0.173

  ### TEST SPLIT 2  (5 folds × 4 Optuna trials in parallel)
    fold 0 R²(val)=0.047  {'learning_rate': 0.010059524301337115, 'max_depth': 3, 'n_estimators': 153}
    fold 2 R²(val)=-0.002  {'learning_rate': 0.021556559953245062, 'max_depth': 3, 'n_estimators': 175}
    fold 4 R²(val)=0.311  {'learning_rate': 0.2858585796959355, 'max_depth': 8, 'n_estimators': 443}
    fold 1 R²(val)=0.164  {'learning_rate': 0.01746094765071145, 'max_depth': 5, 'n_estimators': 337}
    fold 3 R²(val)=0.413  {'learning_rate': 0.21510828910331453, 'max_depth': 6, 'n_estimators': 233}
  Ensemble R² = -0.045  ρ = 0.395

  ### TEST SPLIT 3  (5 folds × 4 Optuna trials in parallel)
    fold 0 R²(val)=0.193  {'learning_rate': 0.10002509330128338, 'max_depth': 3, 'n_estimators': 146}
    fold 1 R²(val)=0.184  {'learning_rate': 0.01618447032268574, 'max_depth': 5, 'n_estimators': 186}
    fold 3 R²(val)=0.169  {'learning_rate': 0.025534265162749287, 'max_depth': 3, 'n_estimators': 234}
    fold 4 R²(val)=0.091  {'learning_rate': 0.12161073464077918, 'max_depth': 9, 'n_estimators': 179}
    fold 2 R²(val)=0.400  {'learning_rate': 0.09105179384397702, 'max_depth': 5, 'n_estimators': 196}
  Ensemble R² = -0.420  ρ = 0.088

  ### TEST SPLIT 4  (5 folds × 4 Optuna trials in parallel)
    fold 0 R²(val)=0.133  {'learning_rate': 0.010384798932803445, 'max_depth': 3, 'n_estimators': 496}
    fold 2 R²(val)=0.125  {'learning_rate': 0.010297427371324955, 'max_depth': 5, 'n_estimators': 292}
    fold 3 R²(val)=0.248  {'learning_rate': 0.05649641309471605, 'max_depth': 5, 'n_estimators': 117}
    fold 1 R²(val)=0.065  {'learning_rate': 0.012664314603398185, 'max_depth': 8, 'n_estimators': 115}
    fold 4 R²(val)=0.307  {'learning_rate': 0.010801647753625932, 'max_depth': 7, 'n_estimators': 473}
  Ensemble R² = 0.486  ρ = 0.479
  Checkpoint → /proj/berzelius-2026-62/users/x_ribec/surfactant-surrogates/SurfPro-MD/morgan-models/models_morgan_pca_r4_n2048.pkl

==================================================
Target: D_SOL
  filter_outliers(D_SOL): 1436 → 1436 (-0)
  PCA: 2048 bits → 360 PCs (95% variance)
  NN isolation (thr=50.0): 1436 → 1436 (-0)

  ### TEST SPLIT 0  (5 folds × 4 Optuna trials in parallel)
    fold 1 R²(val)=0.466  {'learning_rate': 0.03829840553162786, 'max_depth': 5, 'n_estimators': 135}
    fold 3 R²(val)=0.438  {'learning_rate': 0.09326631055916798, 'max_depth': 5, 'n_estimators': 364}
    fold 4 R²(val)=0.297  {'learning_rate': 0.061701129518769826, 'max_depth': 6, 'n_estimators': 394}
    fold 0 R²(val)=0.000  {'learning_rate': 0.08139196693459456, 'max_depth': 4, 'n_estimators': 483}
    fold 2 R²(val)=0.233  {'learning_rate': 0.029644731924549556, 'max_depth': 5, 'n_estimators': 373}
  Ensemble R² = 0.366  ρ = 0.602

  ### TEST SPLIT 1  (5 folds × 4 Optuna trials in parallel)
    fold 1 R²(val)=0.362  {'learning_rate': 0.2353087054146769, 'max_depth': 3, 'n_estimators': 331}
    fold 4 R²(val)=0.116  {'learning_rate': 0.2910115949661831, 'max_depth': 7, 'n_estimators': 127}
    fold 3 R²(val)=0.318  {'learning_rate': 0.12997570341923056, 'max_depth': 5, 'n_estimators': 399}
    fold 0 R²(val)=0.397  {'learning_rate': 0.1089145595035705, 'max_depth': 5, 'n_estimators': 174}
    fold 2 R²(val)=0.301  {'learning_rate': 0.036734716698661324, 'max_depth': 7, 'n_estimators': 372}
  Ensemble R² = 0.182  ρ = 0.429

  ### TEST SPLIT 2  (5 folds × 4 Optuna trials in parallel)
    fold 4 R²(val)=0.513  {'learning_rate': 0.13563176860633308, 'max_depth': 8, 'n_estimators': 434}
    fold 1 R²(val)=0.570  {'learning_rate': 0.047646684218928766, 'max_depth': 3, 'n_estimators': 372}
    fold 0 R²(val)=-0.644  {'learning_rate': 0.039579288487026174, 'max_depth': 4, 'n_estimators': 265}
    fold 3 R²(val)=0.354  {'learning_rate': 0.0731425093290766, 'max_depth': 3, 'n_estimators': 409}
    fold 2 R²(val)=0.412  {'learning_rate': 0.03000906032878055, 'max_depth': 5, 'n_estimators': 356}
  Ensemble R² = 0.199  ρ = 0.519

  ### TEST SPLIT 3  (5 folds × 4 Optuna trials in parallel)
    fold 2 R²(val)=0.299  {'learning_rate': 0.0671732903093485, 'max_depth': 3, 'n_estimators': 138}
    fold 4 R²(val)=0.239  {'learning_rate': 0.16724930716796318, 'max_depth': 3, 'n_estimators': 238}
    fold 1 R²(val)=0.123  {'learning_rate': 0.1736511218288905, 'max_depth': 5, 'n_estimators': 448}
    fold 3 R²(val)=0.008  {'learning_rate': 0.043905379055806146, 'max_depth': 6, 'n_estimators': 282}
    fold 0 R²(val)=0.380  {'learning_rate': 0.01972443680226793, 'max_depth': 7, 'n_estimators': 165}
  Ensemble R² = 0.350  ρ = 0.578

  ### TEST SPLIT 4  (5 folds × 4 Optuna trials in parallel)
    fold 3 R²(val)=0.332  {'learning_rate': 0.03846838905942712, 'max_depth': 5, 'n_estimators': 494}
    fold 1 R²(val)=0.305  {'learning_rate': 0.28819419516271455, 'max_depth': 5, 'n_estimators': 374}
    fold 0 R²(val)=0.436  {'learning_rate': 0.06747532210612125, 'max_depth': 6, 'n_estimators': 409}
    fold 2 R²(val)=0.500  {'learning_rate': 0.03895780093614015, 'max_depth': 8, 'n_estimators': 268}
    fold 4 R²(val)=0.401  {'learning_rate': 0.0279896936928511, 'max_depth': 9, 'n_estimators': 389}
  Ensemble R² = 0.052  ρ = 0.399
  Checkpoint → /proj/berzelius-2026-62/users/x_ribec/surfactant-surrogates/SurfPro-MD/morgan-models/models_morgan_pca_r4_n2048.pkl

==================================================
Target: surface_tension_avg
  filter_outliers(surface_tension_avg): 1436 → 1432 (-4)
  PCA: 2048 bits → 358 PCs (95% variance)
  NN isolation (thr=50.0): 1432 → 1432 (-0)

  ### TEST SPLIT 0  (5 folds × 4 Optuna trials in parallel)
    fold 3 R²(val)=0.056  {'learning_rate': 0.011022698427493344, 'max_depth': 4, 'n_estimators': 105}
    fold 1 R²(val)=0.056  {'learning_rate': 0.010063030950723546, 'max_depth': 5, 'n_estimators': 127}
    fold 4 R²(val)=0.082  {'learning_rate': 0.017384795663081147, 'max_depth': 3, 'n_estimators': 316}
    fold 0 R²(val)=-0.045  {'learning_rate': 0.059326074313091844, 'max_depth': 7, 'n_estimators': 361}
    fold 2 R²(val)=0.112  {'learning_rate': 0.010879448535905063, 'max_depth': 10, 'n_estimators': 114}
  Ensemble R² = 0.126  ρ = 0.386

  ### TEST SPLIT 1  (5 folds × 4 Optuna trials in parallel)
    fold 1 R²(val)=0.206  {'learning_rate': 0.06946255817515823, 'max_depth': 4, 'n_estimators': 448}
    fold 3 R²(val)=0.084  {'learning_rate': 0.010217731313197703, 'max_depth': 3, 'n_estimators': 490}
    fold 4 R²(val)=0.042  {'learning_rate': 0.037986755459853375, 'max_depth': 6, 'n_estimators': 293}
    fold 0 R²(val)=0.209  {'learning_rate': 0.04719726509719259, 'max_depth': 10, 'n_estimators': 264}
    fold 2 R²(val)=0.094  {'learning_rate': 0.2902851579332372, 'max_depth': 9, 'n_estimators': 319}
  Ensemble R² = -0.069  ρ = 0.158

  ### TEST SPLIT 2  (5 folds × 4 Optuna trials in parallel)
    fold 1 R²(val)=0.101  {'learning_rate': 0.01640786510815017, 'max_depth': 3, 'n_estimators': 157}
    fold 4 R²(val)=0.111  {'learning_rate': 0.015093080676486315, 'max_depth': 4, 'n_estimators': 159}
    fold 2 R²(val)=0.176  {'learning_rate': 0.03659526958406104, 'max_depth': 4, 'n_estimators': 487}
    fold 0 R²(val)=-0.103  {'learning_rate': 0.027842347003241938, 'max_depth': 6, 'n_estimators': 403}
    fold 3 R²(val)=0.167  {'learning_rate': 0.023318748136689396, 'max_depth': 7, 'n_estimators': 487}
  Ensemble R² = 0.144  ρ = 0.432

  ### TEST SPLIT 3  (5 folds × 4 Optuna trials in parallel)
    fold 2 R²(val)=0.216  {'learning_rate': 0.05443810817371291, 'max_depth': 4, 'n_estimators': 251}
    fold 4 R²(val)=0.108  {'learning_rate': 0.1696879751434354, 'max_depth': 6, 'n_estimators': 376}
    fold 3 R²(val)=0.040  {'learning_rate': 0.022078258503330304, 'max_depth': 6, 'n_estimators': 444}
    fold 1 R²(val)=0.103  {'learning_rate': 0.13306115280247155, 'max_depth': 7, 'n_estimators': 500}
    fold 0 R²(val)=0.064  {'learning_rate': 0.2489695192675859, 'max_depth': 3, 'n_estimators': 346}
  Ensemble R² = -0.068  ρ = 0.021

  ### TEST SPLIT 4  (5 folds × 4 Optuna trials in parallel)
    fold 1 R²(val)=0.133  {'learning_rate': 0.02493487666425306, 'max_depth': 4, 'n_estimators': 390}
    fold 2 R²(val)=0.033  {'learning_rate': 0.010267269927483193, 'max_depth': 4, 'n_estimators': 326}
    fold 4 R²(val)=0.036  {'learning_rate': 0.08766799475154247, 'max_depth': 3, 'n_estimators': 488}
    fold 3 R²(val)=0.146  {'learning_rate': 0.03312013221365652, 'max_depth': 5, 'n_estimators': 120}
    fold 0 R²(val)=0.064  {'learning_rate': 0.018511682188376736, 'max_depth': 7, 'n_estimators': 266}
  Ensemble R² = 0.127  ρ = 0.439
  Checkpoint → /proj/berzelius-2026-62/users/x_ribec/surfactant-surrogates/SurfPro-MD/morgan-models/models_morgan_pca_r4_n2048.pkl

==================================================
Target: viscosity
  filter_outliers(viscosity): 1436 → 1428 (-8)
  PCA: 2048 bits → 358 PCs (95% variance)
  NN isolation (thr=50.0): 1428 → 1428 (-0)

  ### TEST SPLIT 0  (5 folds × 4 Optuna trials in parallel)
    fold 1 R²(val)=0.344  {'learning_rate': 0.03284290096528859, 'max_depth': 4, 'n_estimators': 232}
    fold 2 R²(val)=-0.065  {'learning_rate': 0.05340623900834303, 'max_depth': 3, 'n_estimators': 499}
    fold 4 R²(val)=0.234  {'learning_rate': 0.03172149840721547, 'max_depth': 3, 'n_estimators': 224}
    fold 0 R²(val)=0.286  {'learning_rate': 0.19580681836858896, 'max_depth': 7, 'n_estimators': 176}
    fold 3 R²(val)=0.271  {'learning_rate': 0.01879091813901931, 'max_depth': 5, 'n_estimators': 425}
  Ensemble R² = 0.195  ρ = 0.622

  ### TEST SPLIT 1  (5 folds × 4 Optuna trials in parallel)
    fold 1 R²(val)=0.052  {'learning_rate': 0.1312654256456948, 'max_depth': 4, 'n_estimators': 419}
    fold 2 R²(val)=0.254  {'learning_rate': 0.03390176526476724, 'max_depth': 3, 'n_estimators': 101}
    fold 4 R²(val)=-0.010  {'learning_rate': 0.1345185711283792, 'max_depth': 5, 'n_estimators': 245}
    fold 0 R²(val)=0.085  {'learning_rate': 0.03700372942120812, 'max_depth': 8, 'n_estimators': 413}
    fold 3 R²(val)=0.189  {'learning_rate': 0.08944195492075782, 'max_depth': 10, 'n_estimators': 500}
  Ensemble R² = 0.306  ρ = 0.638

  ### TEST SPLIT 2  (5 folds × 4 Optuna trials in parallel)
    fold 0 R²(val)=-2.417  {'learning_rate': 0.11839297123357229, 'max_depth': 4, 'n_estimators': 111}
    fold 4 R²(val)=0.523  {'learning_rate': 0.1440647471975195, 'max_depth': 3, 'n_estimators': 396}
    fold 2 R²(val)=0.240  {'learning_rate': 0.26005408845830336, 'max_depth': 9, 'n_estimators': 487}
    fold 3 R²(val)=0.158  {'learning_rate': 0.11452815526385725, 'max_depth': 10, 'n_estimators': 305}
    fold 1 R²(val)=0.465  {'learning_rate': 0.02904660875435207, 'max_depth': 5, 'n_estimators': 265}
  Ensemble R² = -0.004  ρ = 0.136

  ### TEST SPLIT 3  (5 folds × 4 Optuna trials in parallel)
    fold 4 R²(val)=-0.161  {'learning_rate': 0.046253819250620894, 'max_depth': 4, 'n_estimators': 218}
    fold 1 R²(val)=0.093  {'learning_rate': 0.020650885783777516, 'max_depth': 4, 'n_estimators': 280}
    fold 2 R²(val)=0.328  {'learning_rate': 0.19045334181819473, 'max_depth': 5, 'n_estimators': 459}
    fold 3 R²(val)=-0.013  {'learning_rate': 0.21434294875913787, 'max_depth': 6, 'n_estimators': 430}
    fold 0 R²(val)=0.350  {'learning_rate': 0.015761961538425125, 'max_depth': 4, 'n_estimators': 421}
  Ensemble R² = 0.088  ρ = 0.424

  ### TEST SPLIT 4  (5 folds × 4 Optuna trials in parallel)
    fold 4 R²(val)=0.247  {'learning_rate': 0.29646780929548056, 'max_depth': 4, 'n_estimators': 310}
    fold 1 R²(val)=0.216  {'learning_rate': 0.21172694510924117, 'max_depth': 3, 'n_estimators': 442}
    fold 2 R²(val)=0.503  {'learning_rate': 0.0477960997899552, 'max_depth': 6, 'n_estimators': 464}
    fold 0 R²(val)=0.258  {'learning_rate': 0.051655990259352656, 'max_depth': 8, 'n_estimators': 347}
    fold 3 R²(val)=0.198  {'learning_rate': 0.017224698648164314, 'max_depth': 4, 'n_estimators': 434}
  Ensemble R² = -0.052  ρ = 0.429
  Checkpoint → /proj/berzelius-2026-62/users/x_ribec/surfactant-surrogates/SurfPro-MD/morgan-models/models_morgan_pca_r4_n2048.pkl

============================================================
Morgan r=4 n=2048 + PCA(95%)
============================================================
  pCMC                   R²=0.243±0.072  ρ=0.573±0.124
  AW_ST_CMC              R²=0.163±0.101  ρ=0.475±0.111
  Gamma_max              R²=0.082±0.187  ρ=0.330±0.242
  Area_min               R²=-0.781±0.885  ρ=0.243±0.243
  pC20                   R²=0.012±0.280  ρ=0.418±0.157
  D_MOL                  R²=-0.090±0.362  ρ=0.266±0.147
  D_SOL                  R²=0.230±0.117  ρ=0.505±0.080
  surface_tension_avg    R²=0.052±0.098  ρ=0.287±0.168
  viscosity              R²=0.107±0.130  ρ=0.450±0.181

All done.
============================================
Finished: Mon Jun 29 21:43:05 CEST 2026
============================================
