============================================
Job:      17005275  (morgan_r3_n2048_raw)
Node:     node224
CPUs:     20
Started:  Mon Jun 29 20:19:01 CEST 2026
Radius:   3
Nbits:    2048
PCA:      0
============================================
xgboost: 2.1.4
rdkit: ok
=== Logging to /proj/berzelius-2026-62/users/x_ribec/surfactant-surrogates/SurfPro-MD/morgan-models/morgan_raw_r3_n2048_20260629_201915.log ===

radius=3  nbits=2048  pca=False  n_trials=30
CPUs=20  fold_jobs=5  optuna_jobs=4

Loading /proj/berzelius-2026-62/users/x_ribec/surfactant-surrogates/SurfPro-MD/data/SurfPro-MD.csv …
  1436 valid molecules
Butina clustering (radius=2, 1024 bits, Tc-threshold=0.6) …
  91 clusters

Computing Morgan fingerprints (radius=3, nbits=2048) …
  Fingerprint matrix: (1436, 2048)  density=0.0201

############################################################
# Training → models_morgan_r3_n2048.pkl
############################################################

==================================================
Target: pCMC
  filter_outliers(pCMC): 1234 → 1234 (-0)
  NN isolation (thr=50.0): 1234 → 1154 (-80)

  ### TEST SPLIT 0  (5 folds × 4 Optuna trials in parallel)
    fold 0 R²(val)=-0.337  {'learning_rate': 0.010003029532383167, 'max_depth': 6, 'n_estimators': 101}
    fold 2 R²(val)=-0.674  {'learning_rate': 0.11724656087046752, 'max_depth': 3, 'n_estimators': 325}
    fold 3 R²(val)=0.188  {'learning_rate': 0.011116107624161542, 'max_depth': 6, 'n_estimators': 244}
    fold 1 R²(val)=0.247  {'learning_rate': 0.017256482731028592, 'max_depth': 5, 'n_estimators': 250}
    fold 4 R²(val)=0.269  {'learning_rate': 0.010826914465975827, 'max_depth': 9, 'n_estimators': 169}
  Ensemble R² = 0.295  ρ = 0.633

  ### TEST SPLIT 1  (5 folds × 4 Optuna trials in parallel)
    fold 0 R²(val)=0.018  {'learning_rate': 0.037201322081732074, 'max_depth': 4, 'n_estimators': 114}
    fold 2 R²(val)=0.233  {'learning_rate': 0.021641643829338704, 'max_depth': 9, 'n_estimators': 103}
    fold 3 R²(val)=0.059  {'learning_rate': 0.027807176025477214, 'max_depth': 7, 'n_estimators': 153}
    fold 4 R²(val)=0.141  {'learning_rate': 0.010064023902288907, 'max_depth': 3, 'n_estimators': 473}
    fold 1 R²(val)=0.093  {'learning_rate': 0.013706720376339304, 'max_depth': 8, 'n_estimators': 160}
  Ensemble R² = 0.363  ρ = 0.586

  ### TEST SPLIT 2  (5 folds × 4 Optuna trials in parallel)
    fold 2 R²(val)=0.277  {'learning_rate': 0.012737518757027898, 'max_depth': 6, 'n_estimators': 166}
    fold 0 R²(val)=0.282  {'learning_rate': 0.1155023219980334, 'max_depth': 3, 'n_estimators': 148}
    fold 1 R²(val)=0.173  {'learning_rate': 0.1627800853885884, 'max_depth': 4, 'n_estimators': 409}
    fold 3 R²(val)=0.067  {'learning_rate': 0.016349129961111486, 'max_depth': 8, 'n_estimators': 144}
    fold 4 R²(val)=0.533  {'learning_rate': 0.21419226689555784, 'max_depth': 8, 'n_estimators': 489}
  Ensemble R² = -0.308  ρ = -0.017

  ### TEST SPLIT 3  (5 folds × 4 Optuna trials in parallel)
    fold 0 R²(val)=-0.103  {'learning_rate': 0.010659787105112123, 'max_depth': 3, 'n_estimators': 100}
    fold 1 R²(val)=0.129  {'learning_rate': 0.023524937110464834, 'max_depth': 3, 'n_estimators': 189}
    fold 3 R²(val)=0.113  {'learning_rate': 0.01563722072752339, 'max_depth': 7, 'n_estimators': 103}
    fold 4 R²(val)=-0.042  {'learning_rate': 0.019572468337304593, 'max_depth': 3, 'n_estimators': 236}
    fold 2 R²(val)=0.047  {'learning_rate': 0.02132658111386752, 'max_depth': 3, 'n_estimators': 200}
  Ensemble R² = 0.118  ρ = 0.538

  ### TEST SPLIT 4  (5 folds × 4 Optuna trials in parallel)
    fold 1 R²(val)=0.011  {'learning_rate': 0.0169256306577138, 'max_depth': 3, 'n_estimators': 100}
    fold 0 R²(val)=0.100  {'learning_rate': 0.011196259367346422, 'max_depth': 3, 'n_estimators': 200}
    fold 2 R²(val)=0.298  {'learning_rate': 0.03654358480508654, 'max_depth': 7, 'n_estimators': 149}
    fold 4 R²(val)=0.197  {'learning_rate': 0.011921162181213777, 'max_depth': 10, 'n_estimators': 305}
    fold 3 R²(val)=0.365  {'learning_rate': 0.014648050900838245, 'max_depth': 10, 'n_estimators': 487}
  Ensemble R² = 0.302  ρ = 0.564
  Checkpoint → /proj/berzelius-2026-62/users/x_ribec/surfactant-surrogates/SurfPro-MD/morgan-models/models_morgan_r3_n2048.pkl

==================================================
Target: AW_ST_CMC
  filter_outliers(AW_ST_CMC): 860 → 836 (-24)
  NN isolation (thr=50.0): 836 → 788 (-48)

  ### TEST SPLIT 0  (5 folds × 4 Optuna trials in parallel)
    fold 1 R²(val)=0.162  {'learning_rate': 0.013156421178017868, 'max_depth': 3, 'n_estimators': 127}
    fold 4 R²(val)=0.300  {'learning_rate': 0.08142259267137794, 'max_depth': 3, 'n_estimators': 110}
    fold 0 R²(val)=0.021  {'learning_rate': 0.13245842011459244, 'max_depth': 3, 'n_estimators': 438}
    fold 3 R²(val)=0.262  {'learning_rate': 0.02001796649018268, 'max_depth': 3, 'n_estimators': 208}
    fold 2 R²(val)=0.349  {'learning_rate': 0.019682429049131048, 'max_depth': 4, 'n_estimators': 442}
  Ensemble R² = 0.124  ρ = 0.438

  ### TEST SPLIT 1  (5 folds × 4 Optuna trials in parallel)
    fold 3 R²(val)=0.260  {'learning_rate': 0.021993385425451963, 'max_depth': 4, 'n_estimators': 160}
    fold 2 R²(val)=0.117  {'learning_rate': 0.05875510949271989, 'max_depth': 4, 'n_estimators': 125}
    fold 0 R²(val)=0.274  {'learning_rate': 0.2761660207041307, 'max_depth': 6, 'n_estimators': 259}
    fold 1 R²(val)=0.125  {'learning_rate': 0.2801246664033621, 'max_depth': 9, 'n_estimators': 242}
    fold 4 R²(val)=0.390  {'learning_rate': 0.016222954086602237, 'max_depth': 9, 'n_estimators': 190}
  Ensemble R² = -0.019  ρ = -0.028

  ### TEST SPLIT 2  (5 folds × 4 Optuna trials in parallel)
    fold 4 R²(val)=0.175  {'learning_rate': 0.013356751995349029, 'max_depth': 3, 'n_estimators': 219}
    fold 2 R²(val)=0.048  {'learning_rate': 0.04681538581314837, 'max_depth': 3, 'n_estimators': 214}
    fold 3 R²(val)=0.354  {'learning_rate': 0.04880919218961381, 'max_depth': 3, 'n_estimators': 470}
    fold 0 R²(val)=0.439  {'learning_rate': 0.05161516425013266, 'max_depth': 4, 'n_estimators': 187}
    fold 1 R²(val)=0.182  {'learning_rate': 0.02117940417479337, 'max_depth': 4, 'n_estimators': 428}
  Ensemble R² = 0.231  ρ = 0.532

  ### TEST SPLIT 3  (5 folds × 4 Optuna trials in parallel)
    fold 4 R²(val)=0.141  {'learning_rate': 0.036608210847606286, 'max_depth': 3, 'n_estimators': 117}
    fold 2 R²(val)=0.239  {'learning_rate': 0.021062335013289458, 'max_depth': 3, 'n_estimators': 169}
    fold 1 R²(val)=0.213  {'learning_rate': 0.016332178694353307, 'max_depth': 5, 'n_estimators': 100}
    fold 0 R²(val)=0.265  {'learning_rate': 0.017955202769718216, 'max_depth': 9, 'n_estimators': 159}
    fold 3 R²(val)=0.193  {'learning_rate': 0.04999228408929551, 'max_depth': 10, 'n_estimators': 453}
  Ensemble R² = 0.205  ρ = 0.399

  ### TEST SPLIT 4  (5 folds × 4 Optuna trials in parallel)
    fold 2 R²(val)=0.219  {'learning_rate': 0.022409079166247136, 'max_depth': 3, 'n_estimators': 177}
    fold 0 R²(val)=0.275  {'learning_rate': 0.04032310637322565, 'max_depth': 3, 'n_estimators': 259}
    fold 1 R²(val)=0.086  {'learning_rate': 0.01101351015061578, 'max_depth': 3, 'n_estimators': 363}
    fold 4 R²(val)=0.250  {'learning_rate': 0.0228846706724559, 'max_depth': 9, 'n_estimators': 232}
    fold 3 R²(val)=0.323  {'learning_rate': 0.011414194883072779, 'max_depth': 10, 'n_estimators': 340}
  Ensemble R² = 0.434  ρ = 0.618
  Checkpoint → /proj/berzelius-2026-62/users/x_ribec/surfactant-surrogates/SurfPro-MD/morgan-models/models_morgan_r3_n2048.pkl

==================================================
Target: Gamma_max
  filter_outliers(Gamma_max): 592 → 584 (-8)
  NN isolation (thr=50.0): 584 → 549 (-35)

  ### TEST SPLIT 0  (5 folds × 4 Optuna trials in parallel)
    fold 0 R²(val)=0.135  {'learning_rate': 0.016575762068255565, 'max_depth': 6, 'n_estimators': 129}
    fold 1 R²(val)=-0.144  {'learning_rate': 0.010194061215113542, 'max_depth': 3, 'n_estimators': 344}
    fold 4 R²(val)=0.169  {'learning_rate': 0.013895697090366062, 'max_depth': 6, 'n_estimators': 251}
    fold 2 R²(val)=-0.365  {'learning_rate': 0.22774391644637734, 'max_depth': 5, 'n_estimators': 262}
    fold 3 R²(val)=-0.192  {'learning_rate': 0.010409824294171761, 'max_depth': 10, 'n_estimators': 110}
  Ensemble R² = 0.184  ρ = 0.084

  ### TEST SPLIT 1  (5 folds × 4 Optuna trials in parallel)
    fold 3 R²(val)=-0.142  {'learning_rate': 0.028503939730821815, 'max_depth': 3, 'n_estimators': 126}
    fold 1 R²(val)=-0.016  {'learning_rate': 0.02090280273528847, 'max_depth': 3, 'n_estimators': 341}
    fold 0 R²(val)=-0.079  {'learning_rate': 0.01562722030659002, 'max_depth': 3, 'n_estimators': 435}
    fold 4 R²(val)=0.019  {'learning_rate': 0.18296235902425068, 'max_depth': 7, 'n_estimators': 368}
    fold 2 R²(val)=-0.367  {'learning_rate': 0.012186916051516996, 'max_depth': 9, 'n_estimators': 241}
  Ensemble R² = 0.413  ρ = 0.681

  ### TEST SPLIT 2  (5 folds × 4 Optuna trials in parallel)
    fold 1 R²(val)=-0.008  {'learning_rate': 0.028083385461239643, 'max_depth': 3, 'n_estimators': 187}
    fold 4 R²(val)=0.454  {'learning_rate': 0.04120947398777197, 'max_depth': 7, 'n_estimators': 116}
    fold 2 R²(val)=-0.179  {'learning_rate': 0.17165832515520837, 'max_depth': 4, 'n_estimators': 224}
    fold 0 R²(val)=0.624  {'learning_rate': 0.03677486389810745, 'max_depth': 8, 'n_estimators': 406}
    fold 3 R²(val)=0.513  {'learning_rate': 0.014088379748430599, 'max_depth': 10, 'n_estimators': 304}
  Ensemble R² = -0.516  ρ = -0.223

  ### TEST SPLIT 3  (5 folds × 4 Optuna trials in parallel)
    fold 1 R²(val)=-0.265  {'learning_rate': 0.1506700355747841, 'max_depth': 3, 'n_estimators': 298}
    fold 4 R²(val)=-0.762  {'learning_rate': 0.20759738345811282, 'max_depth': 4, 'n_estimators': 161}
    fold 3 R²(val)=0.103  {'learning_rate': 0.022104286447518773, 'max_depth': 3, 'n_estimators': 445}
    fold 0 R²(val)=-0.111  {'learning_rate': 0.06529031940252365, 'max_depth': 10, 'n_estimators': 299}
    fold 2 R²(val)=0.018  {'learning_rate': 0.013566171569125577, 'max_depth': 10, 'n_estimators': 171}
  Ensemble R² = 0.609  ρ = 0.764

  ### TEST SPLIT 4  (5 folds × 4 Optuna trials in parallel)
    fold 1 R²(val)=0.061  {'learning_rate': 0.11375942817258916, 'max_depth': 3, 'n_estimators': 447}
    fold 0 R²(val)=-2.960  {'learning_rate': 0.018663108178491594, 'max_depth': 3, 'n_estimators': 249}
    fold 2 R²(val)=0.065  {'learning_rate': 0.061712419494798845, 'max_depth': 3, 'n_estimators': 459}
    fold 4 R²(val)=0.190  {'learning_rate': 0.01801693917202638, 'max_depth': 4, 'n_estimators': 101}
    fold 3 R²(val)=0.157  {'learning_rate': 0.015977568142433965, 'max_depth': 10, 'n_estimators': 272}
  Ensemble R² = -0.125  ρ = -0.066
  Checkpoint → /proj/berzelius-2026-62/users/x_ribec/surfactant-surrogates/SurfPro-MD/morgan-models/models_morgan_r3_n2048.pkl

==================================================
Target: Area_min
  filter_outliers(Area_min): 595 → 588 (-7)
  NN isolation (thr=50.0): 588 → 551 (-37)

  ### TEST SPLIT 0  (5 folds × 4 Optuna trials in parallel)
    fold 3 R²(val)=-0.114  {'learning_rate': 0.019790166856665382, 'max_depth': 3, 'n_estimators': 148}
    fold 2 R²(val)=0.218  {'learning_rate': 0.016363830245086718, 'max_depth': 4, 'n_estimators': 144}
    fold 1 R²(val)=0.344  {'learning_rate': 0.021993151622986755, 'max_depth': 4, 'n_estimators': 211}
    fold 4 R²(val)=-0.872  {'learning_rate': 0.010561337182140865, 'max_depth': 6, 'n_estimators': 156}
    fold 0 R²(val)=0.302  {'learning_rate': 0.011563484398011557, 'max_depth': 9, 'n_estimators': 209}
  Ensemble R² = 0.135  ρ = 0.246

  ### TEST SPLIT 1  (5 folds × 4 Optuna trials in parallel)
    fold 3 R²(val)=-0.040  {'learning_rate': 0.013595614192784013, 'max_depth': 4, 'n_estimators': 150}
    fold 1 R²(val)=-0.132  {'learning_rate': 0.20325858820861126, 'max_depth': 4, 'n_estimators': 105}
    fold 0 R²(val)=0.053  {'learning_rate': 0.014608192113208705, 'max_depth': 4, 'n_estimators': 175}
    fold 4 R²(val)=-0.101  {'learning_rate': 0.1696961064724678, 'max_depth': 5, 'n_estimators': 484}
    fold 2 R²(val)=-0.369  {'learning_rate': 0.05839702425314324, 'max_depth': 7, 'n_estimators': 390}
  Ensemble R² = 0.057  ρ = 0.377

  ### TEST SPLIT 2  (5 folds × 4 Optuna trials in parallel)
    fold 1 R²(val)=-0.191  {'learning_rate': 0.021802245661166418, 'max_depth': 3, 'n_estimators': 131}
    fold 3 R²(val)=-0.135  {'learning_rate': 0.06523528395065124, 'max_depth': 3, 'n_estimators': 448}
    fold 4 R²(val)=0.358  {'learning_rate': 0.022134248145616944, 'max_depth': 4, 'n_estimators': 235}
    fold 0 R²(val)=0.169  {'learning_rate': 0.23941294449445713, 'max_depth': 10, 'n_estimators': 479}
    fold 2 R²(val)=-0.565  {'learning_rate': 0.09610479831794047, 'max_depth': 6, 'n_estimators': 315}
  Ensemble R² = 0.178  ρ = 0.467

  ### TEST SPLIT 3  (5 folds × 4 Optuna trials in parallel)
    fold 3 R²(val)=0.002  {'learning_rate': 0.0378931172906744, 'max_depth': 3, 'n_estimators': 266}
    fold 2 R²(val)=-0.216  {'learning_rate': 0.16488966964548252, 'max_depth': 3, 'n_estimators': 463}
    fold 4 R²(val)=-0.404  {'learning_rate': 0.010908909615388413, 'max_depth': 10, 'n_estimators': 102}
    fold 1 R²(val)=-0.427  {'learning_rate': 0.1395102404643684, 'max_depth': 9, 'n_estimators': 151}
    fold 0 R²(val)=0.453  {'learning_rate': 0.015892907090548334, 'max_depth': 10, 'n_estimators': 327}
  Ensemble R² = -1.044  ρ = 0.764

  ### TEST SPLIT 4  (5 folds × 4 Optuna trials in parallel)
    fold 0 R²(val)=-0.804  {'learning_rate': 0.1318798505325287, 'max_depth': 4, 'n_estimators': 112}
    fold 2 R²(val)=-0.418  {'learning_rate': 0.18650238661607063, 'max_depth': 5, 'n_estimators': 333}
    fold 1 R²(val)=-0.581  {'learning_rate': 0.2329558336201687, 'max_depth': 6, 'n_estimators': 266}
    fold 3 R²(val)=0.313  {'learning_rate': 0.29898602659088136, 'max_depth': 10, 'n_estimators': 480}
    fold 4 R²(val)=-0.112  {'learning_rate': 0.010953830243173477, 'max_depth': 10, 'n_estimators': 269}
  Ensemble R² = -0.099  ρ = 0.120
  Checkpoint → /proj/berzelius-2026-62/users/x_ribec/surfactant-surrogates/SurfPro-MD/morgan-models/models_morgan_r3_n2048.pkl

==================================================
Target: pC20
  filter_outliers(pC20): 577 → 571 (-6)
  NN isolation (thr=50.0): 571 → 536 (-35)

  ### TEST SPLIT 0  (5 folds × 4 Optuna trials in parallel)
    fold 4 R²(val)=0.129  {'learning_rate': 0.014453665026376681, 'max_depth': 4, 'n_estimators': 100}
    fold 3 R²(val)=-0.108  {'learning_rate': 0.039753065930049146, 'max_depth': 5, 'n_estimators': 307}
    fold 1 R²(val)=-0.054  {'learning_rate': 0.011124402994958862, 'max_depth': 9, 'n_estimators': 175}
    fold 2 R²(val)=0.411  {'learning_rate': 0.11745091492050563, 'max_depth': 10, 'n_estimators': 269}
    fold 0 R²(val)=0.155  {'learning_rate': 0.010463116998493885, 'max_depth': 10, 'n_estimators': 497}
  Ensemble R² = -0.999  ρ = -0.212

  ### TEST SPLIT 1  (5 folds × 4 Optuna trials in parallel)
    fold 0 R²(val)=0.291  {'learning_rate': 0.053549343082347045, 'max_depth': 3, 'n_estimators': 368}
    fold 1 R²(val)=-0.105  {'learning_rate': 0.013404002944463608, 'max_depth': 4, 'n_estimators': 349}
    fold 2 R²(val)=-0.089  {'learning_rate': 0.01209424769191407, 'max_depth': 9, 'n_estimators': 186}
    fold 4 R²(val)=-0.076  {'learning_rate': 0.1341195625221634, 'max_depth': 10, 'n_estimators': 497}
    fold 3 R²(val)=0.048  {'learning_rate': 0.011838537560314779, 'max_depth': 8, 'n_estimators': 379}
  Ensemble R² = -0.590  ρ = 0.451

  ### TEST SPLIT 2  (5 folds × 4 Optuna trials in parallel)
    fold 1 R²(val)=-0.219  {'learning_rate': 0.1401124453689657, 'max_depth': 3, 'n_estimators': 101}
    fold 2 R²(val)=-0.281  {'learning_rate': 0.011092020443550357, 'max_depth': 3, 'n_estimators': 102}
    fold 0 R²(val)=0.116  {'learning_rate': 0.04970325121390439, 'max_depth': 3, 'n_estimators': 105}
    fold 4 R²(val)=0.172  {'learning_rate': 0.016322766173656127, 'max_depth': 6, 'n_estimators': 180}
    fold 3 R²(val)=0.314  {'learning_rate': 0.029028872276012117, 'max_depth': 10, 'n_estimators': 159}
  Ensemble R² = 0.166  ρ = 0.275

  ### TEST SPLIT 3  (5 folds × 4 Optuna trials in parallel)
    fold 2 R²(val)=0.191  {'learning_rate': 0.020715341284321627, 'max_depth': 5, 'n_estimators': 169}
    fold 0 R²(val)=-0.874  {'learning_rate': 0.011866033761549693, 'max_depth': 3, 'n_estimators': 190}
    fold 1 R²(val)=-0.188  {'learning_rate': 0.02793450467019947, 'max_depth': 3, 'n_estimators': 100}
    fold 4 R²(val)=0.053  {'learning_rate': 0.036226297261782135, 'max_depth': 4, 'n_estimators': 265}
    fold 3 R²(val)=0.120  {'learning_rate': 0.23589646846178636, 'max_depth': 3, 'n_estimators': 413}
  Ensemble R² = 0.154  ρ = 0.515

  ### TEST SPLIT 4  (5 folds × 4 Optuna trials in parallel)
    fold 2 R²(val)=0.038  {'learning_rate': 0.014363987361271402, 'max_depth': 4, 'n_estimators': 142}
    fold 3 R²(val)=-0.235  {'learning_rate': 0.036171611670707725, 'max_depth': 3, 'n_estimators': 100}
    fold 0 R²(val)=-0.031  {'learning_rate': 0.01429056106326151, 'max_depth': 4, 'n_estimators': 136}
    fold 4 R²(val)=0.299  {'learning_rate': 0.2591341834104093, 'max_depth': 3, 'n_estimators': 484}
    fold 1 R²(val)=0.230  {'learning_rate': 0.017648631256418967, 'max_depth': 4, 'n_estimators': 500}
  Ensemble R² = 0.056  ρ = 0.365
  Checkpoint → /proj/berzelius-2026-62/users/x_ribec/surfactant-surrogates/SurfPro-MD/morgan-models/models_morgan_r3_n2048.pkl

==================================================
Target: D_MOL
  filter_outliers(D_MOL): 1436 → 1434 (-2)
  NN isolation (thr=50.0): 1434 → 1345 (-89)

  ### TEST SPLIT 0  (5 folds × 4 Optuna trials in parallel)
    fold 2 R²(val)=0.558  {'learning_rate': 0.02950071790424847, 'max_depth': 5, 'n_estimators': 166}
    fold 1 R²(val)=0.035  {'learning_rate': 0.010191803591155122, 'max_depth': 6, 'n_estimators': 322}
    fold 3 R²(val)=0.289  {'learning_rate': 0.22924873985695862, 'max_depth': 10, 'n_estimators': 460}
    fold 0 R²(val)=0.346  {'learning_rate': 0.017776823381925523, 'max_depth': 6, 'n_estimators': 394}
    fold 4 R²(val)=0.541  {'learning_rate': 0.010041907855905209, 'max_depth': 10, 'n_estimators': 471}
  Ensemble R² = -0.068  ρ = 0.685

  ### TEST SPLIT 1  (5 folds × 4 Optuna trials in parallel)
    fold 4 R²(val)=-0.110  {'learning_rate': 0.010839038586509144, 'max_depth': 3, 'n_estimators': 107}
    fold 0 R²(val)=0.480  {'learning_rate': 0.014593426963628796, 'max_depth': 4, 'n_estimators': 497}
    fold 2 R²(val)=0.151  {'learning_rate': 0.028503622357952913, 'max_depth': 6, 'n_estimators': 230}
    fold 3 R²(val)=0.285  {'learning_rate': 0.02085023886654141, 'max_depth': 7, 'n_estimators': 211}
    fold 1 R²(val)=0.494  {'learning_rate': 0.013282393668326125, 'max_depth': 6, 'n_estimators': 305}
  Ensemble R² = 0.493  ρ = 0.440

  ### TEST SPLIT 2  (5 folds × 4 Optuna trials in parallel)
    fold 0 R²(val)=0.008  {'learning_rate': 0.010233563134311945, 'max_depth': 4, 'n_estimators': 105}
    fold 3 R²(val)=0.476  {'learning_rate': 0.03464311882066479, 'max_depth': 5, 'n_estimators': 186}
    fold 2 R²(val)=0.043  {'learning_rate': 0.015419938709996726, 'max_depth': 4, 'n_estimators': 300}
    fold 4 R²(val)=0.551  {'learning_rate': 0.17405845571680936, 'max_depth': 6, 'n_estimators': 416}
    fold 1 R²(val)=0.322  {'learning_rate': 0.011076196404157296, 'max_depth': 10, 'n_estimators': 221}
  Ensemble R² = -0.973  ρ = 0.138

  ### TEST SPLIT 3  (5 folds × 4 Optuna trials in parallel)
    fold 4 R²(val)=0.211  {'learning_rate': 0.055904874217675475, 'max_depth': 5, 'n_estimators': 128}
    fold 3 R²(val)=0.270  {'learning_rate': 0.0822905760444603, 'max_depth': 6, 'n_estimators': 108}
    fold 0 R²(val)=0.075  {'learning_rate': 0.011370564826129746, 'max_depth': 6, 'n_estimators': 115}
    fold 2 R²(val)=0.683  {'learning_rate': 0.019589706192348216, 'max_depth': 5, 'n_estimators': 205}
    fold 1 R²(val)=0.507  {'learning_rate': 0.01107041806297707, 'max_depth': 8, 'n_estimators': 110}
  Ensemble R² = 0.005  ρ = 0.193

  ### TEST SPLIT 4  (5 folds × 4 Optuna trials in parallel)
    fold 0 R²(val)=0.328  {'learning_rate': 0.0729240209084147, 'max_depth': 6, 'n_estimators': 234}
    fold 1 R²(val)=0.229  {'learning_rate': 0.03819444180480083, 'max_depth': 3, 'n_estimators': 258}
    fold 4 R²(val)=0.462  {'learning_rate': 0.1862955787528111, 'max_depth': 3, 'n_estimators': 500}
    fold 2 R²(val)=0.349  {'learning_rate': 0.07937451432573757, 'max_depth': 3, 'n_estimators': 452}
    fold 3 R²(val)=0.425  {'learning_rate': 0.02134644736579255, 'max_depth': 4, 'n_estimators': 486}
  Ensemble R² = 0.705  ρ = 0.472
  Checkpoint → /proj/berzelius-2026-62/users/x_ribec/surfactant-surrogates/SurfPro-MD/morgan-models/models_morgan_r3_n2048.pkl

==================================================
Target: D_SOL
  filter_outliers(D_SOL): 1436 → 1436 (-0)
  NN isolation (thr=50.0): 1436 → 1347 (-89)

  ### TEST SPLIT 0  (5 folds × 4 Optuna trials in parallel)
    fold 1 R²(val)=0.695  {'learning_rate': 0.03292317815573104, 'max_depth': 5, 'n_estimators': 227}
    fold 2 R²(val)=0.430  {'learning_rate': 0.12377962782350993, 'max_depth': 8, 'n_estimators': 217}
    fold 4 R²(val)=0.610  {'learning_rate': 0.0135609502741077, 'max_depth': 3, 'n_estimators': 498}
    fold 0 R²(val)=0.541  {'learning_rate': 0.02928168388237123, 'max_depth': 7, 'n_estimators': 270}
    fold 3 R²(val)=0.422  {'learning_rate': 0.17138438608379836, 'max_depth': 9, 'n_estimators': 452}
  Ensemble R² = 0.512  ρ = 0.749

  ### TEST SPLIT 1  (5 folds × 4 Optuna trials in parallel)
    fold 1 R²(val)=0.544  {'learning_rate': 0.07781635071837875, 'max_depth': 5, 'n_estimators': 163}
    fold 0 R²(val)=0.451  {'learning_rate': 0.09303976676113511, 'max_depth': 7, 'n_estimators': 151}
    fold 4 R²(val)=-0.264  {'learning_rate': 0.010487026907113192, 'max_depth': 3, 'n_estimators': 315}
    fold 2 R²(val)=0.466  {'learning_rate': 0.12332557773717476, 'max_depth': 8, 'n_estimators': 342}
    fold 3 R²(val)=0.618  {'learning_rate': 0.029567627350394008, 'max_depth': 9, 'n_estimators': 295}
  Ensemble R² = 0.607  ρ = 0.748

  ### TEST SPLIT 2  (5 folds × 4 Optuna trials in parallel)
    fold 2 R²(val)=0.632  {'learning_rate': 0.03830564402918278, 'max_depth': 3, 'n_estimators': 116}
    fold 3 R²(val)=0.705  {'learning_rate': 0.08628960377019321, 'max_depth': 5, 'n_estimators': 195}
    fold 1 R²(val)=0.764  {'learning_rate': 0.21488725961243374, 'max_depth': 5, 'n_estimators': 270}
    fold 4 R²(val)=0.531  {'learning_rate': 0.023803413327146805, 'max_depth': 3, 'n_estimators': 448}
    fold 0 R²(val)=0.427  {'learning_rate': 0.06631834589870023, 'max_depth': 10, 'n_estimators': 494}
  Ensemble R² = 0.252  ρ = 0.535

  ### TEST SPLIT 3  (5 folds × 4 Optuna trials in parallel)
    fold 3 R²(val)=0.398  {'learning_rate': 0.027135149787993584, 'max_depth': 4, 'n_estimators': 315}
    fold 2 R²(val)=0.574  {'learning_rate': 0.296210263676997, 'max_depth': 6, 'n_estimators': 203}
    fold 4 R²(val)=0.668  {'learning_rate': 0.1907301791596354, 'max_depth': 9, 'n_estimators': 263}
    fold 1 R²(val)=0.731  {'learning_rate': 0.015265710400362629, 'max_depth': 10, 'n_estimators': 258}
    fold 0 R²(val)=0.575  {'learning_rate': 0.013599020988880326, 'max_depth': 10, 'n_estimators': 186}
  Ensemble R² = 0.515  ρ = 0.690

  ### TEST SPLIT 4  (5 folds × 4 Optuna trials in parallel)
    fold 1 R²(val)=0.337  {'learning_rate': 0.03419150553637802, 'max_depth': 3, 'n_estimators': 348}
    fold 0 R²(val)=0.549  {'learning_rate': 0.03672776835831723, 'max_depth': 4, 'n_estimators': 450}
    fold 2 R²(val)=0.586  {'learning_rate': 0.0147296486402866, 'max_depth': 4, 'n_estimators': 287}
    fold 4 R²(val)=0.312  {'learning_rate': 0.0409446925469672, 'max_depth': 3, 'n_estimators': 409}
    fold 3 R²(val)=0.400  {'learning_rate': 0.05553899680876766, 'max_depth': 4, 'n_estimators': 363}
  Ensemble R² = 0.533  ρ = 0.757
  Checkpoint → /proj/berzelius-2026-62/users/x_ribec/surfactant-surrogates/SurfPro-MD/morgan-models/models_morgan_r3_n2048.pkl

==================================================
Target: surface_tension_avg
  filter_outliers(surface_tension_avg): 1436 → 1432 (-4)
  NN isolation (thr=50.0): 1432 → 1344 (-88)

  ### TEST SPLIT 0  (5 folds × 4 Optuna trials in parallel)
    fold 2 R²(val)=0.151  {'learning_rate': 0.26203786640778076, 'max_depth': 3, 'n_estimators': 248}
    fold 1 R²(val)=0.229  {'learning_rate': 0.08409164211906325, 'max_depth': 4, 'n_estimators': 105}
    fold 3 R²(val)=0.295  {'learning_rate': 0.02760272494494904, 'max_depth': 7, 'n_estimators': 373}
    fold 4 R²(val)=0.307  {'learning_rate': 0.23588779248249844, 'max_depth': 10, 'n_estimators': 287}
    fold 0 R²(val)=0.052  {'learning_rate': 0.01666313521267364, 'max_depth': 7, 'n_estimators': 292}
  Ensemble R² = 0.210  ρ = 0.540

  ### TEST SPLIT 1  (5 folds × 4 Optuna trials in parallel)
    fold 1 R²(val)=0.179  {'learning_rate': 0.05633759582593911, 'max_depth': 4, 'n_estimators': 221}
    fold 3 R²(val)=0.199  {'learning_rate': 0.29825213816912294, 'max_depth': 3, 'n_estimators': 105}
    fold 4 R²(val)=0.111  {'learning_rate': 0.022526783993588092, 'max_depth': 4, 'n_estimators': 101}
    fold 0 R²(val)=0.088  {'learning_rate': 0.018581823432686426, 'max_depth': 10, 'n_estimators': 108}
    fold 2 R²(val)=-0.035  {'learning_rate': 0.011641316366969365, 'max_depth': 5, 'n_estimators': 493}
  Ensemble R² = 0.257  ρ = 0.581

  ### TEST SPLIT 2  (5 folds × 4 Optuna trials in parallel)
    fold 4 R²(val)=0.128  {'learning_rate': 0.010075197274668424, 'max_depth': 5, 'n_estimators': 104}
    fold 1 R²(val)=0.162  {'learning_rate': 0.01877529276172996, 'max_depth': 4, 'n_estimators': 215}
    fold 0 R²(val)=-0.023  {'learning_rate': 0.04561954901664543, 'max_depth': 9, 'n_estimators': 179}
    fold 2 R²(val)=0.260  {'learning_rate': 0.010007455055937276, 'max_depth': 6, 'n_estimators': 288}
    fold 3 R²(val)=0.246  {'learning_rate': 0.06296243454333394, 'max_depth': 10, 'n_estimators': 385}
  Ensemble R² = 0.246  ρ = 0.623

  ### TEST SPLIT 3  (5 folds × 4 Optuna trials in parallel)
    fold 4 R²(val)=0.096  {'learning_rate': 0.06952800941245352, 'max_depth': 3, 'n_estimators': 173}
    fold 3 R²(val)=-0.019  {'learning_rate': 0.04489538201777624, 'max_depth': 3, 'n_estimators': 311}
    fold 0 R²(val)=0.042  {'learning_rate': 0.017529273194987236, 'max_depth': 3, 'n_estimators': 189}
    fold 2 R²(val)=0.170  {'learning_rate': 0.01377459791744538, 'max_depth': 9, 'n_estimators': 126}
    fold 1 R²(val)=0.114  {'learning_rate': 0.01207399641883172, 'max_depth': 9, 'n_estimators': 260}
  Ensemble R² = 0.204  ρ = 0.535

  ### TEST SPLIT 4  (5 folds × 4 Optuna trials in parallel)
    fold 3 R²(val)=0.289  {'learning_rate': 0.10140222459677709, 'max_depth': 3, 'n_estimators': 369}
    fold 2 R²(val)=0.152  {'learning_rate': 0.016455420553722924, 'max_depth': 4, 'n_estimators': 204}
    fold 0 R²(val)=0.190  {'learning_rate': 0.014943530194346698, 'max_depth': 4, 'n_estimators': 228}
    fold 1 R²(val)=0.230  {'learning_rate': 0.01779112711282372, 'max_depth': 4, 'n_estimators': 365}
    fold 4 R²(val)=-0.037  {'learning_rate': 0.08157399104023652, 'max_depth': 8, 'n_estimators': 426}
  Ensemble R² = 0.199  ρ = 0.557
  Checkpoint → /proj/berzelius-2026-62/users/x_ribec/surfactant-surrogates/SurfPro-MD/morgan-models/models_morgan_r3_n2048.pkl

==================================================
Target: viscosity
  filter_outliers(viscosity): 1436 → 1428 (-8)
  NN isolation (thr=50.0): 1428 → 1339 (-89)

  ### TEST SPLIT 0  (5 folds × 4 Optuna trials in parallel)
    fold 4 R²(val)=0.444  {'learning_rate': 0.1329967300938728, 'max_depth': 3, 'n_estimators': 234}
    fold 2 R²(val)=-0.003  {'learning_rate': 0.21218276897066382, 'max_depth': 9, 'n_estimators': 151}
    fold 0 R²(val)=0.281  {'learning_rate': 0.06257081161472347, 'max_depth': 5, 'n_estimators': 224}
    fold 1 R²(val)=0.557  {'learning_rate': 0.17428283032154648, 'max_depth': 3, 'n_estimators': 104}
    fold 3 R²(val)=0.167  {'learning_rate': 0.017044201884222603, 'max_depth': 3, 'n_estimators': 387}
  Ensemble R² = 0.101  ρ = 0.557

  ### TEST SPLIT 1  (5 folds × 4 Optuna trials in parallel)
    fold 4 R²(val)=-0.171  {'learning_rate': 0.03672003781895427, 'max_depth': 3, 'n_estimators': 102}
    fold 0 R²(val)=-0.016  {'learning_rate': 0.21191212501534998, 'max_depth': 5, 'n_estimators': 113}
    fold 3 R²(val)=0.313  {'learning_rate': 0.17639419648140642, 'max_depth': 6, 'n_estimators': 364}
    fold 1 R²(val)=0.119  {'learning_rate': 0.09447670454426742, 'max_depth': 6, 'n_estimators': 411}
    fold 2 R²(val)=0.239  {'learning_rate': 0.2818186243255476, 'max_depth': 9, 'n_estimators': 422}
  Ensemble R² = 0.365  ρ = 0.658

  ### TEST SPLIT 2  (5 folds × 4 Optuna trials in parallel)
    fold 0 R²(val)=-1.426  {'learning_rate': 0.09554354350114726, 'max_depth': 9, 'n_estimators': 160}
    fold 3 R²(val)=0.179  {'learning_rate': 0.14419448369466759, 'max_depth': 3, 'n_estimators': 280}
    fold 4 R²(val)=0.457  {'learning_rate': 0.16220346292112509, 'max_depth': 5, 'n_estimators': 377}
    fold 1 R²(val)=0.434  {'learning_rate': 0.029994605527422346, 'max_depth': 8, 'n_estimators': 387}
    fold 2 R²(val)=0.338  {'learning_rate': 0.08704287348999055, 'max_depth': 10, 'n_estimators': 416}
  Ensemble R² = 0.020  ρ = 0.420

  ### TEST SPLIT 3  (5 folds × 4 Optuna trials in parallel)
    fold 2 R²(val)=0.506  {'learning_rate': 0.29531777121807934, 'max_depth': 8, 'n_estimators': 151}
    fold 1 R²(val)=0.260  {'learning_rate': 0.2871246585387003, 'max_depth': 5, 'n_estimators': 151}
    fold 4 R²(val)=0.571  {'learning_rate': 0.2655777627061918, 'max_depth': 10, 'n_estimators': 487}
    fold 0 R²(val)=0.336  {'learning_rate': 0.20647398974912423, 'max_depth': 6, 'n_estimators': 324}
    fold 3 R²(val)=-0.280  {'learning_rate': 0.022475554120181023, 'max_depth': 7, 'n_estimators': 399}
  Ensemble R² = 0.090  ρ = 0.452

  ### TEST SPLIT 4  (5 folds × 4 Optuna trials in parallel)
    fold 4 R²(val)=0.146  {'learning_rate': 0.04379679700771948, 'max_depth': 6, 'n_estimators': 188}
    fold 1 R²(val)=0.119  {'learning_rate': 0.16736909760023314, 'max_depth': 7, 'n_estimators': 157}
    fold 2 R²(val)=0.442  {'learning_rate': 0.02182865655808852, 'max_depth': 3, 'n_estimators': 213}
    fold 0 R²(val)=0.329  {'learning_rate': 0.2770785288075748, 'max_depth': 3, 'n_estimators': 102}
    fold 3 R²(val)=0.237  {'learning_rate': 0.17946827171842628, 'max_depth': 9, 'n_estimators': 442}
  Ensemble R² = 0.051  ρ = 0.381
  Checkpoint → /proj/berzelius-2026-62/users/x_ribec/surfactant-surrogates/SurfPro-MD/morgan-models/models_morgan_r3_n2048.pkl

============================================================
Morgan r=3 n=2048 (raw)
============================================================
  pCMC                   R²=0.154±0.245  ρ=0.461±0.241
  AW_ST_CMC              R²=0.195±0.148  ρ=0.392±0.223
  Gamma_max              R²=0.113±0.398  ρ=0.248±0.400
  Area_min               R²=-0.155±0.455  ρ=0.395±0.219
  pC20                   R²=-0.243±0.471  ρ=0.279±0.258
  D_MOL                  R²=0.032±0.581  ρ=0.385±0.199
  D_SOL                  R²=0.484±0.121  ρ=0.695±0.084
  surface_tension_avg    R²=0.223±0.023  ρ=0.567±0.032
  viscosity              R²=0.126±0.123  ρ=0.494±0.101

All done.
============================================
Finished: Mon Jun 29 20:27:48 CEST 2026
============================================
