============================================
Job:      17005277  (morgan_r4_n1024_raw)
Node:     node224
CPUs:     20
Started:  Mon Jun 29 20:19:03 CEST 2026
Radius:   4
Nbits:    1024
PCA:      0
============================================
xgboost: 2.1.4
rdkit: ok
=== Logging to /proj/berzelius-2026-62/users/x_ribec/surfactant-surrogates/SurfPro-MD/morgan-models/morgan_raw_r4_n1024_20260629_201915.log ===

radius=4  nbits=1024  pca=False  n_trials=30
CPUs=20  fold_jobs=5  optuna_jobs=4

Loading /proj/berzelius-2026-62/users/x_ribec/surfactant-surrogates/SurfPro-MD/data/SurfPro-MD.csv …
  1436 valid molecules
Butina clustering (radius=2, 1024 bits, Tc-threshold=0.6) …
  91 clusters

Computing Morgan fingerprints (radius=4, nbits=1024) …
  Fingerprint matrix: (1436, 1024)  density=0.0513

############################################################
# Training → models_morgan_r4_n1024.pkl
############################################################

==================================================
Target: pCMC
  filter_outliers(pCMC): 1234 → 1234 (-0)
  NN isolation (thr=50.0): 1234 → 1223 (-11)

  ### TEST SPLIT 0  (5 folds × 4 Optuna trials in parallel)
    fold 0 R²(val)=-0.035  {'learning_rate': 0.011088414197051926, 'max_depth': 7, 'n_estimators': 103}
    fold 3 R²(val)=0.166  {'learning_rate': 0.011423265480448072, 'max_depth': 5, 'n_estimators': 462}
    fold 2 R²(val)=0.119  {'learning_rate': 0.017331680083245555, 'max_depth': 6, 'n_estimators': 159}
    fold 4 R²(val)=0.158  {'learning_rate': 0.016191484145658384, 'max_depth': 6, 'n_estimators': 411}
    fold 1 R²(val)=0.283  {'learning_rate': 0.01566709407511346, 'max_depth': 7, 'n_estimators': 299}
  Ensemble R² = 0.177  ρ = 0.420

  ### TEST SPLIT 1  (5 folds × 4 Optuna trials in parallel)
    fold 4 R²(val)=0.331  {'learning_rate': 0.05926551962967624, 'max_depth': 5, 'n_estimators': 285}
    fold 0 R²(val)=0.066  {'learning_rate': 0.010368234055633608, 'max_depth': 9, 'n_estimators': 103}
    fold 3 R²(val)=0.100  {'learning_rate': 0.017152467668500045, 'max_depth': 8, 'n_estimators': 376}
    fold 1 R²(val)=0.260  {'learning_rate': 0.09336438219739356, 'max_depth': 10, 'n_estimators': 477}
    fold 2 R²(val)=0.338  {'learning_rate': 0.023546510589149163, 'max_depth': 10, 'n_estimators': 466}
  Ensemble R² = 0.349  ρ = 0.579

  ### TEST SPLIT 2  (5 folds × 4 Optuna trials in parallel)
    fold 1 R²(val)=0.133  {'learning_rate': 0.022621584947947596, 'max_depth': 4, 'n_estimators': 194}
    fold 2 R²(val)=0.227  {'learning_rate': 0.02279196862754348, 'max_depth': 7, 'n_estimators': 210}
    fold 3 R²(val)=-0.206  {'learning_rate': 0.010673829433777088, 'max_depth': 6, 'n_estimators': 158}
    fold 4 R²(val)=0.378  {'learning_rate': 0.02068367239108836, 'max_depth': 9, 'n_estimators': 117}
    fold 0 R²(val)=0.267  {'learning_rate': 0.020522366091322977, 'max_depth': 3, 'n_estimators': 333}
  Ensemble R² = -0.001  ρ = 0.231

  ### TEST SPLIT 3  (5 folds × 4 Optuna trials in parallel)
    fold 1 R²(val)=0.216  {'learning_rate': 0.020070588268365934, 'max_depth': 5, 'n_estimators': 109}
    fold 4 R²(val)=0.041  {'learning_rate': 0.011168760221136626, 'max_depth': 5, 'n_estimators': 248}
    fold 0 R²(val)=0.011  {'learning_rate': 0.22864131730990808, 'max_depth': 3, 'n_estimators': 489}
    fold 2 R²(val)=0.057  {'learning_rate': 0.030964478945663187, 'max_depth': 10, 'n_estimators': 493}
    fold 3 R²(val)=0.286  {'learning_rate': 0.01011089459411151, 'max_depth': 10, 'n_estimators': 258}
  Ensemble R² = 0.385  ρ = 0.642

  ### TEST SPLIT 4  (5 folds × 4 Optuna trials in parallel)
    fold 0 R²(val)=0.307  {'learning_rate': 0.02699194265508149, 'max_depth': 4, 'n_estimators': 114}
    fold 2 R²(val)=0.345  {'learning_rate': 0.035921839131045956, 'max_depth': 7, 'n_estimators': 198}
    fold 1 R²(val)=0.101  {'learning_rate': 0.01135174552903283, 'max_depth': 3, 'n_estimators': 256}
    fold 3 R²(val)=0.217  {'learning_rate': 0.19943091672275423, 'max_depth': 3, 'n_estimators': 398}
    fold 4 R²(val)=0.222  {'learning_rate': 0.010011521224646752, 'max_depth': 9, 'n_estimators': 187}
  Ensemble R² = 0.316  ρ = 0.681
  Checkpoint → /proj/berzelius-2026-62/users/x_ribec/surfactant-surrogates/SurfPro-MD/morgan-models/models_morgan_r4_n1024.pkl

==================================================
Target: AW_ST_CMC
  filter_outliers(AW_ST_CMC): 860 → 836 (-24)
  NN isolation (thr=50.0): 836 → 830 (-6)

  ### TEST SPLIT 0  (5 folds × 4 Optuna trials in parallel)
    fold 1 R²(val)=-0.014  {'learning_rate': 0.14260736541829702, 'max_depth': 3, 'n_estimators': 112}
    fold 0 R²(val)=0.122  {'learning_rate': 0.028065369166296615, 'max_depth': 3, 'n_estimators': 209}
    fold 3 R²(val)=0.168  {'learning_rate': 0.01010314277579713, 'max_depth': 4, 'n_estimators': 188}
    fold 2 R²(val)=0.155  {'learning_rate': 0.010660171641674904, 'max_depth': 6, 'n_estimators': 100}
    fold 4 R²(val)=0.376  {'learning_rate': 0.02498325065696849, 'max_depth': 9, 'n_estimators': 494}
  Ensemble R² = 0.045  ρ = 0.281

  ### TEST SPLIT 1  (5 folds × 4 Optuna trials in parallel)
    fold 2 R²(val)=0.001  {'learning_rate': 0.010326947037223562, 'max_depth': 3, 'n_estimators': 103}
    fold 0 R²(val)=0.131  {'learning_rate': 0.016111640945028816, 'max_depth': 5, 'n_estimators': 104}
    fold 1 R²(val)=0.327  {'learning_rate': 0.04079183740850407, 'max_depth': 8, 'n_estimators': 179}
    fold 3 R²(val)=0.280  {'learning_rate': 0.14200795126043944, 'max_depth': 9, 'n_estimators': 187}
    fold 4 R²(val)=0.292  {'learning_rate': 0.014884806566451213, 'max_depth': 9, 'n_estimators': 446}
  Ensemble R² = 0.217  ρ = 0.413

  ### TEST SPLIT 2  (5 folds × 4 Optuna trials in parallel)
    fold 2 R²(val)=0.207  {'learning_rate': 0.07110425426358419, 'max_depth': 6, 'n_estimators': 160}
    fold 0 R²(val)=0.449  {'learning_rate': 0.07593509701350284, 'max_depth': 10, 'n_estimators': 104}
    fold 3 R²(val)=0.245  {'learning_rate': 0.2935254917499178, 'max_depth': 10, 'n_estimators': 386}
    fold 1 R²(val)=0.218  {'learning_rate': 0.020258310103648283, 'max_depth': 10, 'n_estimators': 184}
    fold 4 R²(val)=0.083  {'learning_rate': 0.1963692905138808, 'max_depth': 10, 'n_estimators': 425}
  Ensemble R² = 0.216  ρ = 0.431

  ### TEST SPLIT 3  (5 folds × 4 Optuna trials in parallel)
    fold 0 R²(val)=0.208  {'learning_rate': 0.011146176967600223, 'max_depth': 3, 'n_estimators': 107}
    fold 3 R²(val)=0.286  {'learning_rate': 0.1291429362306631, 'max_depth': 7, 'n_estimators': 152}
    fold 4 R²(val)=0.170  {'learning_rate': 0.010004376588230448, 'max_depth': 6, 'n_estimators': 172}
    fold 2 R²(val)=0.070  {'learning_rate': 0.010025254982538642, 'max_depth': 6, 'n_estimators': 110}
    fold 1 R²(val)=0.227  {'learning_rate': 0.02041268022274622, 'max_depth': 10, 'n_estimators': 469}
  Ensemble R² = 0.314  ρ = 0.461

  ### TEST SPLIT 4  (5 folds × 4 Optuna trials in parallel)
    fold 2 R²(val)=0.260  {'learning_rate': 0.021653574279294607, 'max_depth': 6, 'n_estimators': 137}
    fold 1 R²(val)=0.104  {'learning_rate': 0.010812320773702882, 'max_depth': 3, 'n_estimators': 269}
    fold 4 R²(val)=0.073  {'learning_rate': 0.023838824184182542, 'max_depth': 3, 'n_estimators': 384}
    fold 3 R²(val)=0.249  {'learning_rate': 0.2251965690321493, 'max_depth': 4, 'n_estimators': 430}
    fold 0 R²(val)=0.254  {'learning_rate': 0.019962057623863737, 'max_depth': 9, 'n_estimators': 190}
  Ensemble R² = 0.248  ρ = 0.397
  Checkpoint → /proj/berzelius-2026-62/users/x_ribec/surfactant-surrogates/SurfPro-MD/morgan-models/models_morgan_r4_n1024.pkl

==================================================
Target: Gamma_max
  filter_outliers(Gamma_max): 592 → 584 (-8)
  NN isolation (thr=50.0): 584 → 575 (-9)

  ### TEST SPLIT 0  (5 folds × 4 Optuna trials in parallel)
    fold 0 R²(val)=0.206  {'learning_rate': 0.016007144546728823, 'max_depth': 3, 'n_estimators': 308}
    fold 3 R²(val)=0.023  {'learning_rate': 0.010599059939617623, 'max_depth': 6, 'n_estimators': 168}
    fold 4 R²(val)=-0.186  {'learning_rate': 0.010080057968160883, 'max_depth': 3, 'n_estimators': 248}
    fold 1 R²(val)=-0.038  {'learning_rate': 0.015461468930941696, 'max_depth': 3, 'n_estimators': 497}
    fold 2 R²(val)=-0.008  {'learning_rate': 0.020179718789964878, 'max_depth': 10, 'n_estimators': 387}
  Ensemble R² = 0.228  ρ = 0.255

  ### TEST SPLIT 1  (5 folds × 4 Optuna trials in parallel)
    fold 0 R²(val)=0.191  {'learning_rate': 0.022213976443998636, 'max_depth': 6, 'n_estimators': 303}
    fold 4 R²(val)=-0.074  {'learning_rate': 0.2986287649307934, 'max_depth': 7, 'n_estimators': 350}
    fold 3 R²(val)=0.333  {'learning_rate': 0.2280285774131596, 'max_depth': 7, 'n_estimators': 339}
    fold 2 R²(val)=-0.405  {'learning_rate': 0.06743979764478758, 'max_depth': 9, 'n_estimators': 297}
    fold 1 R²(val)=-0.130  {'learning_rate': 0.010976390688797093, 'max_depth': 10, 'n_estimators': 487}
  Ensemble R² = 0.217  ρ = 0.228

  ### TEST SPLIT 2  (5 folds × 4 Optuna trials in parallel)
    fold 4 R²(val)=0.680  {'learning_rate': 0.16197217872791922, 'max_depth': 5, 'n_estimators': 229}
    fold 3 R²(val)=0.448  {'learning_rate': 0.1309233967377638, 'max_depth': 9, 'n_estimators': 143}
    fold 2 R²(val)=-0.294  {'learning_rate': 0.012968689657222855, 'max_depth': 9, 'n_estimators': 117}
    fold 0 R²(val)=0.640  {'learning_rate': 0.026463528197026423, 'max_depth': 7, 'n_estimators': 318}
    fold 1 R²(val)=-0.013  {'learning_rate': 0.020162538290862803, 'max_depth': 9, 'n_estimators': 387}
  Ensemble R² = -0.088  ρ = 0.134

  ### TEST SPLIT 3  (5 folds × 4 Optuna trials in parallel)
    fold 0 R²(val)=0.256  {'learning_rate': 0.013626452942578443, 'max_depth': 7, 'n_estimators': 145}
    fold 3 R²(val)=0.139  {'learning_rate': 0.04156962665917175, 'max_depth': 5, 'n_estimators': 262}
    fold 4 R²(val)=-0.304  {'learning_rate': 0.08735926372824966, 'max_depth': 8, 'n_estimators': 115}
    fold 1 R²(val)=0.018  {'learning_rate': 0.03552679331212968, 'max_depth': 8, 'n_estimators': 302}
    fold 2 R²(val)=0.087  {'learning_rate': 0.08822187852195887, 'max_depth': 6, 'n_estimators': 349}
  Ensemble R² = 0.534  ρ = 0.821

  ### TEST SPLIT 4  (5 folds × 4 Optuna trials in parallel)
    fold 0 R²(val)=-2.693  {'learning_rate': 0.013742806458243731, 'max_depth': 3, 'n_estimators': 112}
    fold 4 R²(val)=0.216  {'learning_rate': 0.010725352746091365, 'max_depth': 4, 'n_estimators': 184}
    fold 2 R²(val)=0.064  {'learning_rate': 0.02200115525594876, 'max_depth': 4, 'n_estimators': 351}
    fold 3 R²(val)=0.222  {'learning_rate': 0.28591283305318954, 'max_depth': 10, 'n_estimators': 104}
    fold 1 R²(val)=0.016  {'learning_rate': 0.034896203851580335, 'max_depth': 8, 'n_estimators': 350}
  Ensemble R² = 0.061  ρ = 0.159
  Checkpoint → /proj/berzelius-2026-62/users/x_ribec/surfactant-surrogates/SurfPro-MD/morgan-models/models_morgan_r4_n1024.pkl

==================================================
Target: Area_min
  filter_outliers(Area_min): 595 → 588 (-7)
  NN isolation (thr=50.0): 588 → 579 (-9)

  ### TEST SPLIT 0  (5 folds × 4 Optuna trials in parallel)
    fold 3 R²(val)=-0.496  {'learning_rate': 0.016134365408010463, 'max_depth': 3, 'n_estimators': 249}
    fold 0 R²(val)=-0.213  {'learning_rate': 0.015780336276352915, 'max_depth': 7, 'n_estimators': 135}
    fold 2 R²(val)=-0.324  {'learning_rate': 0.010091864772512747, 'max_depth': 3, 'n_estimators': 469}
    fold 1 R²(val)=0.091  {'learning_rate': 0.010107931188896066, 'max_depth': 10, 'n_estimators': 116}
    fold 4 R²(val)=-1.618  {'learning_rate': 0.0101170079495588, 'max_depth': 10, 'n_estimators': 265}
  Ensemble R² = 0.012  ρ = 0.284

  ### TEST SPLIT 1  (5 folds × 4 Optuna trials in parallel)
    fold 0 R²(val)=-0.079  {'learning_rate': 0.01022390736094365, 'max_depth': 3, 'n_estimators': 192}
    fold 1 R²(val)=0.026  {'learning_rate': 0.03440360857226661, 'max_depth': 4, 'n_estimators': 115}
    fold 2 R²(val)=-0.562  {'learning_rate': 0.03936978044114536, 'max_depth': 5, 'n_estimators': 404}
    fold 4 R²(val)=-0.524  {'learning_rate': 0.011995698147521178, 'max_depth': 3, 'n_estimators': 385}
    fold 3 R²(val)=-0.074  {'learning_rate': 0.010291252312388975, 'max_depth': 4, 'n_estimators': 332}
  Ensemble R² = -0.112  ρ = -0.113

  ### TEST SPLIT 2  (5 folds × 4 Optuna trials in parallel)
    fold 4 R²(val)=0.346  {'learning_rate': 0.03723782921301781, 'max_depth': 3, 'n_estimators': 141}
    fold 0 R²(val)=-0.114  {'learning_rate': 0.17565926892401765, 'max_depth': 5, 'n_estimators': 169}
    fold 3 R²(val)=-0.085  {'learning_rate': 0.29505554378947735, 'max_depth': 5, 'n_estimators': 177}
    fold 1 R²(val)=-0.378  {'learning_rate': 0.011693970627742262, 'max_depth': 3, 'n_estimators': 278}
    fold 2 R²(val)=-0.576  {'learning_rate': 0.24369966805620863, 'max_depth': 5, 'n_estimators': 424}
  Ensemble R² = -0.046  ρ = 0.208

  ### TEST SPLIT 3  (5 folds × 4 Optuna trials in parallel)
    fold 3 R²(val)=-0.955  {'learning_rate': 0.02985493425769701, 'max_depth': 3, 'n_estimators': 332}
    fold 0 R²(val)=-0.160  {'learning_rate': 0.2872739454907109, 'max_depth': 4, 'n_estimators': 333}
    fold 4 R²(val)=-0.394  {'learning_rate': 0.295817850517077, 'max_depth': 3, 'n_estimators': 390}
    fold 1 R²(val)=-0.007  {'learning_rate': 0.05282402684492172, 'max_depth': 4, 'n_estimators': 329}
    fold 2 R²(val)=-0.212  {'learning_rate': 0.2924647446856704, 'max_depth': 6, 'n_estimators': 372}
  Ensemble R² = -1.034  ρ = 0.772

  ### TEST SPLIT 4  (5 folds × 4 Optuna trials in parallel)
    fold 3 R²(val)=0.108  {'learning_rate': 0.019030838428480162, 'max_depth': 3, 'n_estimators': 111}
    fold 1 R²(val)=-0.376  {'learning_rate': 0.012816637000102495, 'max_depth': 3, 'n_estimators': 300}
    fold 0 R²(val)=-0.389  {'learning_rate': 0.11707228773124709, 'max_depth': 3, 'n_estimators': 447}
    fold 4 R²(val)=0.187  {'learning_rate': 0.013934223891944694, 'max_depth': 4, 'n_estimators': 489}
    fold 2 R²(val)=-0.281  {'learning_rate': 0.016748556058414216, 'max_depth': 3, 'n_estimators': 297}
  Ensemble R² = -0.221  ρ = 0.149
  Checkpoint → /proj/berzelius-2026-62/users/x_ribec/surfactant-surrogates/SurfPro-MD/morgan-models/models_morgan_r4_n1024.pkl

==================================================
Target: pC20
  filter_outliers(pC20): 577 → 571 (-6)
  NN isolation (thr=50.0): 571 → 562 (-9)

  ### TEST SPLIT 0  (5 folds × 4 Optuna trials in parallel)
    fold 2 R²(val)=0.154  {'learning_rate': 0.0110561673127202, 'max_depth': 3, 'n_estimators': 334}
    fold 0 R²(val)=0.034  {'learning_rate': 0.010179089350164237, 'max_depth': 7, 'n_estimators': 104}
    fold 1 R²(val)=0.064  {'learning_rate': 0.02968740445431157, 'max_depth': 7, 'n_estimators': 212}
    fold 4 R²(val)=0.021  {'learning_rate': 0.010527583824613274, 'max_depth': 5, 'n_estimators': 235}
    fold 3 R²(val)=-0.037  {'learning_rate': 0.01111812212542128, 'max_depth': 9, 'n_estimators': 227}
  Ensemble R² = -0.483  ρ = 0.245

  ### TEST SPLIT 1  (5 folds × 4 Optuna trials in parallel)
    fold 3 R²(val)=-0.170  {'learning_rate': 0.06914398063070408, 'max_depth': 3, 'n_estimators': 103}
    fold 1 R²(val)=0.055  {'learning_rate': 0.015856622836885256, 'max_depth': 4, 'n_estimators': 490}
    fold 0 R²(val)=0.287  {'learning_rate': 0.011355682808947038, 'max_depth': 3, 'n_estimators': 296}
    fold 4 R²(val)=0.169  {'learning_rate': 0.11232659901893949, 'max_depth': 9, 'n_estimators': 106}
    fold 2 R²(val)=-0.444  {'learning_rate': 0.010041335063832401, 'max_depth': 10, 'n_estimators': 293}
  Ensemble R² = -1.118  ρ = -0.143

  ### TEST SPLIT 2  (5 folds × 4 Optuna trials in parallel)
    fold 4 R²(val)=0.229  {'learning_rate': 0.07655160690058109, 'max_depth': 6, 'n_estimators': 169}
    fold 0 R²(val)=-0.024  {'learning_rate': 0.010984677613698677, 'max_depth': 5, 'n_estimators': 105}
    fold 2 R²(val)=-0.213  {'learning_rate': 0.011128160420879232, 'max_depth': 3, 'n_estimators': 198}
    fold 3 R²(val)=0.208  {'learning_rate': 0.01090878313505228, 'max_depth': 5, 'n_estimators': 274}
    fold 1 R²(val)=-0.242  {'learning_rate': 0.010057627061936953, 'max_depth': 6, 'n_estimators': 100}
  Ensemble R² = 0.182  ρ = 0.402

  ### TEST SPLIT 3  (5 folds × 4 Optuna trials in parallel)
    fold 0 R²(val)=-0.734  {'learning_rate': 0.010411425128090577, 'max_depth': 3, 'n_estimators': 101}
    fold 1 R²(val)=-0.283  {'learning_rate': 0.010098147958792825, 'max_depth': 3, 'n_estimators': 288}
    fold 4 R²(val)=-0.060  {'learning_rate': 0.010058394105503535, 'max_depth': 7, 'n_estimators': 105}
    fold 2 R²(val)=0.126  {'learning_rate': 0.07657025454022443, 'max_depth': 6, 'n_estimators': 243}
    fold 3 R²(val)=0.109  {'learning_rate': 0.029511232907707078, 'max_depth': 5, 'n_estimators': 414}
  Ensemble R² = 0.390  ρ = 0.652

  ### TEST SPLIT 4  (5 folds × 4 Optuna trials in parallel)
    fold 1 R²(val)=0.203  {'learning_rate': 0.031939460369923504, 'max_depth': 3, 'n_estimators': 100}
    fold 2 R²(val)=0.015  {'learning_rate': 0.09914910751834902, 'max_depth': 9, 'n_estimators': 316}
    fold 0 R²(val)=0.130  {'learning_rate': 0.06090668801534448, 'max_depth': 9, 'n_estimators': 368}
    fold 3 R²(val)=-0.105  {'learning_rate': 0.017150643788218522, 'max_depth': 7, 'n_estimators': 369}
    fold 4 R²(val)=0.310  {'learning_rate': 0.19975994489314935, 'max_depth': 10, 'n_estimators': 336}
  Ensemble R² = -0.106  ρ = 0.434
  Checkpoint → /proj/berzelius-2026-62/users/x_ribec/surfactant-surrogates/SurfPro-MD/morgan-models/models_morgan_r4_n1024.pkl

==================================================
Target: D_MOL
  filter_outliers(D_MOL): 1436 → 1434 (-2)
  NN isolation (thr=50.0): 1434 → 1430 (-4)

  ### TEST SPLIT 0  (5 folds × 4 Optuna trials in parallel)
    fold 4 R²(val)=0.314  {'learning_rate': 0.010007803911540923, 'max_depth': 3, 'n_estimators': 296}
    fold 1 R²(val)=-0.003  {'learning_rate': 0.011046789974616833, 'max_depth': 4, 'n_estimators': 351}
    fold 3 R²(val)=0.115  {'learning_rate': 0.017756672721002602, 'max_depth': 4, 'n_estimators': 314}
    fold 2 R²(val)=0.536  {'learning_rate': 0.012131936112866738, 'max_depth': 5, 'n_estimators': 471}
    fold 0 R²(val)=0.317  {'learning_rate': 0.03991637351141665, 'max_depth': 6, 'n_estimators': 413}
  Ensemble R² = -0.640  ρ = 0.164

  ### TEST SPLIT 1  (5 folds × 4 Optuna trials in parallel)
    fold 2 R²(val)=0.193  {'learning_rate': 0.01604015729309952, 'max_depth': 3, 'n_estimators': 188}
    fold 0 R²(val)=0.412  {'learning_rate': 0.01450715964806815, 'max_depth': 4, 'n_estimators': 308}
    fold 1 R²(val)=0.535  {'learning_rate': 0.010452135522831031, 'max_depth': 10, 'n_estimators': 119}
    fold 4 R²(val)=-0.152  {'learning_rate': 0.011221195676032221, 'max_depth': 5, 'n_estimators': 457}
    fold 3 R²(val)=0.145  {'learning_rate': 0.01926332283454496, 'max_depth': 10, 'n_estimators': 168}
  Ensemble R² = 0.552  ρ = 0.528

  ### TEST SPLIT 2  (5 folds × 4 Optuna trials in parallel)
    fold 3 R²(val)=0.374  {'learning_rate': 0.011288452431879075, 'max_depth': 3, 'n_estimators': 105}
    fold 2 R²(val)=0.142  {'learning_rate': 0.04498199849054951, 'max_depth': 5, 'n_estimators': 353}
    fold 0 R²(val)=0.110  {'learning_rate': 0.026297001504583944, 'max_depth': 5, 'n_estimators': 313}
    fold 4 R²(val)=0.643  {'learning_rate': 0.1785037465792983, 'max_depth': 7, 'n_estimators': 341}
    fold 1 R²(val)=0.363  {'learning_rate': 0.25571012555322953, 'max_depth': 9, 'n_estimators': 499}
  Ensemble R² = -2.249  ρ = 0.126

  ### TEST SPLIT 3  (5 folds × 4 Optuna trials in parallel)
    fold 4 R²(val)=0.448  {'learning_rate': 0.11898359924452939, 'max_depth': 4, 'n_estimators': 149}
    fold 3 R²(val)=0.317  {'learning_rate': 0.09082236480688383, 'max_depth': 3, 'n_estimators': 222}
    fold 0 R²(val)=0.128  {'learning_rate': 0.022281036721906577, 'max_depth': 3, 'n_estimators': 153}
    fold 2 R²(val)=0.595  {'learning_rate': 0.015619669017813887, 'max_depth': 7, 'n_estimators': 101}
    fold 1 R²(val)=0.474  {'learning_rate': 0.012377610916734887, 'max_depth': 9, 'n_estimators': 158}
  Ensemble R² = 0.104  ρ = 0.179

  ### TEST SPLIT 4  (5 folds × 4 Optuna trials in parallel)
    fold 3 R²(val)=0.379  {'learning_rate': 0.05906729961657909, 'max_depth': 6, 'n_estimators': 131}
    fold 4 R²(val)=0.330  {'learning_rate': 0.28321834432660503, 'max_depth': 3, 'n_estimators': 499}
    fold 1 R²(val)=-0.064  {'learning_rate': 0.01195405620410128, 'max_depth': 7, 'n_estimators': 145}
    fold 2 R²(val)=0.487  {'learning_rate': 0.010861390543391284, 'max_depth': 10, 'n_estimators': 246}
    fold 0 R²(val)=0.331  {'learning_rate': 0.010279847004139819, 'max_depth': 9, 'n_estimators': 303}
  Ensemble R² = 0.699  ρ = 0.594
  Checkpoint → /proj/berzelius-2026-62/users/x_ribec/surfactant-surrogates/SurfPro-MD/morgan-models/models_morgan_r4_n1024.pkl

==================================================
Target: D_SOL
  filter_outliers(D_SOL): 1436 → 1436 (-0)
  NN isolation (thr=50.0): 1436 → 1432 (-4)

  ### TEST SPLIT 0  (5 folds × 4 Optuna trials in parallel)
    fold 4 R²(val)=0.487  {'learning_rate': 0.023973254135591458, 'max_depth': 6, 'n_estimators': 163}
    fold 3 R²(val)=0.483  {'learning_rate': 0.03283037429627435, 'max_depth': 5, 'n_estimators': 153}
    fold 1 R²(val)=0.708  {'learning_rate': 0.04532960111007254, 'max_depth': 3, 'n_estimators': 391}
    fold 2 R²(val)=0.176  {'learning_rate': 0.03012227089565431, 'max_depth': 4, 'n_estimators': 500}
    fold 0 R²(val)=0.355  {'learning_rate': 0.023011690530198456, 'max_depth': 9, 'n_estimators': 420}
  Ensemble R² = 0.526  ρ = 0.728

  ### TEST SPLIT 1  (5 folds × 4 Optuna trials in parallel)
    fold 1 R²(val)=0.527  {'learning_rate': 0.07850431166161834, 'max_depth': 4, 'n_estimators': 117}
    fold 4 R²(val)=-0.099  {'learning_rate': 0.01094367370964413, 'max_depth': 5, 'n_estimators': 102}
    fold 2 R²(val)=0.388  {'learning_rate': 0.1673755486190944, 'max_depth': 9, 'n_estimators': 253}
    fold 0 R²(val)=0.470  {'learning_rate': 0.01794592986995268, 'max_depth': 6, 'n_estimators': 442}
    fold 3 R²(val)=0.626  {'learning_rate': 0.011121639246332691, 'max_depth': 8, 'n_estimators': 295}
  Ensemble R² = 0.550  ρ = 0.700

  ### TEST SPLIT 2  (5 folds × 4 Optuna trials in parallel)
    fold 3 R²(val)=0.608  {'learning_rate': 0.04423476595786392, 'max_depth': 6, 'n_estimators': 151}
    fold 2 R²(val)=0.561  {'learning_rate': 0.17741614024592253, 'max_depth': 7, 'n_estimators': 200}
    fold 0 R²(val)=0.156  {'learning_rate': 0.25130877688904607, 'max_depth': 9, 'n_estimators': 237}
    fold 4 R²(val)=0.562  {'learning_rate': 0.02172464298650176, 'max_depth': 3, 'n_estimators': 463}
    fold 1 R²(val)=0.768  {'learning_rate': 0.03264529343720697, 'max_depth': 9, 'n_estimators': 245}
  Ensemble R² = 0.426  ρ = 0.622

  ### TEST SPLIT 3  (5 folds × 4 Optuna trials in parallel)
    fold 3 R²(val)=0.460  {'learning_rate': 0.02971735721884773, 'max_depth': 5, 'n_estimators': 342}
    fold 0 R²(val)=0.622  {'learning_rate': 0.11308125952062396, 'max_depth': 3, 'n_estimators': 318}
    fold 4 R²(val)=0.547  {'learning_rate': 0.015184924762858988, 'max_depth': 9, 'n_estimators': 104}
    fold 1 R²(val)=0.625  {'learning_rate': 0.28527099462986444, 'max_depth': 10, 'n_estimators': 441}
    fold 2 R²(val)=0.474  {'learning_rate': 0.023026652578547035, 'max_depth': 7, 'n_estimators': 135}
  Ensemble R² = 0.570  ρ = 0.762

  ### TEST SPLIT 4  (5 folds × 4 Optuna trials in parallel)
    fold 1 R²(val)=0.343  {'learning_rate': 0.06768875663943846, 'max_depth': 5, 'n_estimators': 113}
    fold 0 R²(val)=0.535  {'learning_rate': 0.04977295713287178, 'max_depth': 3, 'n_estimators': 144}
    fold 3 R²(val)=0.370  {'learning_rate': 0.01649451868703912, 'max_depth': 4, 'n_estimators': 430}
    fold 4 R²(val)=0.294  {'learning_rate': 0.016444293519987392, 'max_depth': 5, 'n_estimators': 385}
    fold 2 R²(val)=0.595  {'learning_rate': 0.025393306782428075, 'max_depth': 6, 'n_estimators': 431}
  Ensemble R² = 0.459  ρ = 0.712
  Checkpoint → /proj/berzelius-2026-62/users/x_ribec/surfactant-surrogates/SurfPro-MD/morgan-models/models_morgan_r4_n1024.pkl

==================================================
Target: surface_tension_avg
  filter_outliers(surface_tension_avg): 1436 → 1432 (-4)
  NN isolation (thr=50.0): 1432 → 1428 (-4)

  ### TEST SPLIT 0  (5 folds × 4 Optuna trials in parallel)
    fold 4 R²(val)=0.312  {'learning_rate': 0.0458384053880792, 'max_depth': 6, 'n_estimators': 136}
    fold 1 R²(val)=0.188  {'learning_rate': 0.021377784245330097, 'max_depth': 4, 'n_estimators': 362}
    fold 0 R²(val)=0.041  {'learning_rate': 0.08089692506276798, 'max_depth': 10, 'n_estimators': 120}
    fold 2 R²(val)=0.227  {'learning_rate': 0.0543307532200182, 'max_depth': 8, 'n_estimators': 204}
    fold 3 R²(val)=0.271  {'learning_rate': 0.014617553988031278, 'max_depth': 10, 'n_estimators': 400}
  Ensemble R² = 0.265  ρ = 0.555

  ### TEST SPLIT 1  (5 folds × 4 Optuna trials in parallel)
    fold 2 R²(val)=-0.003  {'learning_rate': 0.026892274567306074, 'max_depth': 3, 'n_estimators': 154}
    fold 0 R²(val)=0.227  {'learning_rate': 0.20196591088556046, 'max_depth': 3, 'n_estimators': 119}
    fold 4 R²(val)=0.174  {'learning_rate': 0.01591000729675665, 'max_depth': 4, 'n_estimators': 324}
    fold 3 R²(val)=0.177  {'learning_rate': 0.04569004125445682, 'max_depth': 8, 'n_estimators': 322}
    fold 1 R²(val)=0.334  {'learning_rate': 0.06522828595190777, 'max_depth': 6, 'n_estimators': 364}
  Ensemble R² = 0.235  ρ = 0.587

  ### TEST SPLIT 2  (5 folds × 4 Optuna trials in parallel)
    fold 1 R²(val)=0.095  {'learning_rate': 0.017625024515811185, 'max_depth': 3, 'n_estimators': 123}
    fold 4 R²(val)=0.125  {'learning_rate': 0.027550988047580337, 'max_depth': 3, 'n_estimators': 133}
    fold 0 R²(val)=-0.050  {'learning_rate': 0.053741434054515314, 'max_depth': 5, 'n_estimators': 164}
    fold 2 R²(val)=0.267  {'learning_rate': 0.011233497020233232, 'max_depth': 7, 'n_estimators': 297}
    fold 3 R²(val)=0.269  {'learning_rate': 0.06323699737483895, 'max_depth': 10, 'n_estimators': 315}
  Ensemble R² = 0.278  ρ = 0.598

  ### TEST SPLIT 3  (5 folds × 4 Optuna trials in parallel)
    fold 4 R²(val)=0.108  {'learning_rate': 0.027214291487379798, 'max_depth': 3, 'n_estimators': 101}
    fold 3 R²(val)=0.051  {'learning_rate': 0.024469695257737865, 'max_depth': 3, 'n_estimators': 185}
    fold 0 R²(val)=0.023  {'learning_rate': 0.010214437921800427, 'max_depth': 3, 'n_estimators': 487}
    fold 2 R²(val)=0.162  {'learning_rate': 0.07496995807945704, 'max_depth': 6, 'n_estimators': 359}
    fold 1 R²(val)=0.173  {'learning_rate': 0.010701054796912128, 'max_depth': 8, 'n_estimators': 239}
  Ensemble R² = 0.219  ρ = 0.602

  ### TEST SPLIT 4  (5 folds × 4 Optuna trials in parallel)
    fold 0 R²(val)=0.213  {'learning_rate': 0.27425405465493446, 'max_depth': 3, 'n_estimators': 118}
    fold 1 R²(val)=0.153  {'learning_rate': 0.034586939762327934, 'max_depth': 7, 'n_estimators': 262}
    fold 4 R²(val)=-0.057  {'learning_rate': 0.17112097792050568, 'max_depth': 8, 'n_estimators': 363}
    fold 2 R²(val)=0.160  {'learning_rate': 0.04664826655633184, 'max_depth': 7, 'n_estimators': 473}
    fold 3 R²(val)=0.157  {'learning_rate': 0.042949369143672776, 'max_depth': 9, 'n_estimators': 262}
  Ensemble R² = 0.225  ρ = 0.536
  Checkpoint → /proj/berzelius-2026-62/users/x_ribec/surfactant-surrogates/SurfPro-MD/morgan-models/models_morgan_r4_n1024.pkl

==================================================
Target: viscosity
  filter_outliers(viscosity): 1436 → 1428 (-8)
  NN isolation (thr=50.0): 1428 → 1423 (-5)

  ### TEST SPLIT 0  (5 folds × 4 Optuna trials in parallel)
    fold 4 R²(val)=0.222  {'learning_rate': 0.05065362276552846, 'max_depth': 3, 'n_estimators': 209}
    fold 3 R²(val)=0.113  {'learning_rate': 0.26197245398169994, 'max_depth': 9, 'n_estimators': 123}
    fold 1 R²(val)=0.437  {'learning_rate': 0.10036495250785998, 'max_depth': 7, 'n_estimators': 237}
    fold 2 R²(val)=0.105  {'learning_rate': 0.29706476168364393, 'max_depth': 4, 'n_estimators': 197}
    fold 0 R²(val)=0.171  {'learning_rate': 0.01469988856466641, 'max_depth': 9, 'n_estimators': 288}
  Ensemble R² = 0.167  ρ = 0.526

  ### TEST SPLIT 1  (5 folds × 4 Optuna trials in parallel)
    fold 3 R²(val)=0.308  {'learning_rate': 0.28423825547800474, 'max_depth': 6, 'n_estimators': 159}
    fold 2 R²(val)=0.211  {'learning_rate': 0.2936535216652766, 'max_depth': 4, 'n_estimators': 233}
    fold 4 R²(val)=-0.056  {'learning_rate': 0.031022021727452838, 'max_depth': 3, 'n_estimators': 254}
    fold 0 R²(val)=-0.031  {'learning_rate': 0.19749426192236155, 'max_depth': 4, 'n_estimators': 161}
    fold 1 R²(val)=0.151  {'learning_rate': 0.2019804234900729, 'max_depth': 5, 'n_estimators': 343}
  Ensemble R² = 0.282  ρ = 0.603

  ### TEST SPLIT 2  (5 folds × 4 Optuna trials in parallel)
    fold 0 R²(val)=-1.028  {'learning_rate': 0.2960090423462391, 'max_depth': 10, 'n_estimators': 494}
    fold 1 R²(val)=0.408  {'learning_rate': 0.05242181632903124, 'max_depth': 3, 'n_estimators': 364}
    fold 3 R²(val)=0.198  {'learning_rate': 0.03332293555732047, 'max_depth': 9, 'n_estimators': 449}
    fold 2 R²(val)=0.312  {'learning_rate': 0.054548041905526944, 'max_depth': 10, 'n_estimators': 494}
    fold 4 R²(val)=0.361  {'learning_rate': 0.19383429677794495, 'max_depth': 5, 'n_estimators': 423}
  Ensemble R² = 0.149  ρ = 0.465

  ### TEST SPLIT 3  (5 folds × 4 Optuna trials in parallel)
    fold 1 R²(val)=0.219  {'learning_rate': 0.049266070684569584, 'max_depth': 5, 'n_estimators': 104}
    fold 2 R²(val)=0.500  {'learning_rate': 0.07177119662359753, 'max_depth': 9, 'n_estimators': 144}
    fold 4 R²(val)=0.305  {'learning_rate': 0.07842628049256335, 'max_depth': 5, 'n_estimators': 447}
    fold 3 R²(val)=0.049  {'learning_rate': 0.27150232218408993, 'max_depth': 9, 'n_estimators': 438}
    fold 0 R²(val)=0.235  {'learning_rate': 0.2825765918833171, 'max_depth': 4, 'n_estimators': 495}
  Ensemble R² = 0.147  ρ = 0.542

  ### TEST SPLIT 4  (5 folds × 4 Optuna trials in parallel)
    fold 1 R²(val)=0.095  {'learning_rate': 0.12364917352197188, 'max_depth': 4, 'n_estimators': 155}
    fold 3 R²(val)=0.175  {'learning_rate': 0.16057156161211894, 'max_depth': 7, 'n_estimators': 251}
    fold 0 R²(val)=0.325  {'learning_rate': 0.1741720043512715, 'max_depth': 8, 'n_estimators': 372}
    fold 4 R²(val)=0.087  {'learning_rate': 0.028967124175158024, 'max_depth': 7, 'n_estimators': 375}
    fold 2 R²(val)=0.358  {'learning_rate': 0.011561871972292564, 'max_depth': 3, 'n_estimators': 491}
  Ensemble R² = 0.136  ρ = 0.548
  Checkpoint → /proj/berzelius-2026-62/users/x_ribec/surfactant-surrogates/SurfPro-MD/morgan-models/models_morgan_r4_n1024.pkl

============================================================
Morgan r=4 n=1024 (raw)
============================================================
  pCMC                   R²=0.246±0.142  ρ=0.510±0.166
  AW_ST_CMC              R²=0.208±0.089  ρ=0.397±0.061
  Gamma_max              R²=0.190±0.207  ρ=0.319±0.255
  Area_min               R²=-0.280±0.385  ρ=0.260±0.289
  pC20                   R²=-0.227±0.533  ρ=0.318±0.264
  D_MOL                  R²=-0.307±1.077  ρ=0.318±0.200
  D_SOL                  R²=0.506±0.055  ρ=0.705±0.047
  surface_tension_avg    R²=0.244±0.023  ρ=0.576±0.026
  viscosity              R²=0.176±0.054  ρ=0.537±0.044

All done.
============================================
Finished: Mon Jun 29 20:25:51 CEST 2026
============================================
