***********************************
You have loaded a Mambaforge module
***********************************
---------------------------------------------------------------------------------------------------
NOTE: NSC strongly advices against placing 'mamba activate' (or 'conda
activate', with or without
      arguments) or conda initialize commands in your shell initialization
files, (e.g. '.bashrc' or '.bash_profile') since
      this severely alters the environment for running software in ways that
cause unpredictable
      issues that can be difficult to diagnose.
---------------------------------------------------------------------------------------------------

/proj/berzelius-2026-62/users/x_ribec/software/surf-surrogate-env/lib/python3.10/site-packages/sklearn/utils/validation.py:2749: UserWarning: X does not have valid feature names, but StandardScaler was fitted with feature names
  warnings.warn(
/proj/berzelius-2026-62/users/x_ribec/software/surf-surrogate-env/lib/python3.10/site-packages/sklearn/utils/validation.py:2749: UserWarning: X does not have valid feature names, but StandardScaler was fitted with feature names
  warnings.warn(
/proj/berzelius-2026-62/users/x_ribec/software/surf-surrogate-env/lib/python3.10/site-packages/sklearn/utils/validation.py:2749: UserWarning: X does not have valid feature names, but StandardScaler was fitted with feature names
  warnings.warn(
/proj/berzelius-2026-62/users/x_ribec/software/surf-surrogate-env/lib/python3.10/site-packages/sklearn/utils/validation.py:2749: UserWarning: X does not have valid feature names, but StandardScaler was fitted with feature names
  warnings.warn(
/proj/berzelius-2026-62/users/x_ribec/software/surf-surrogate-env/lib/python3.10/site-packages/sklearn/utils/validation.py:2749: UserWarning: X does not have valid feature names, but StandardScaler was fitted with feature names
  warnings.warn(
/proj/berzelius-2026-62/users/x_ribec/software/surf-surrogate-env/lib/python3.10/site-packages/sklearn/utils/validation.py:2749: UserWarning: X does not have valid feature names, but StandardScaler was fitted with feature names
  warnings.warn(
/proj/berzelius-2026-62/users/x_ribec/software/surf-surrogate-env/lib/python3.10/site-packages/sklearn/utils/validation.py:2749: UserWarning: X does not have valid feature names, but StandardScaler was fitted with feature names
  warnings.warn(
/proj/berzelius-2026-62/users/x_ribec/software/surf-surrogate-env/lib/python3.10/site-packages/sklearn/utils/validation.py:2749: UserWarning: X does not have valid feature names, but StandardScaler was fitted with feature names
  warnings.warn(
/proj/berzelius-2026-62/users/x_ribec/software/surf-surrogate-env/lib/python3.10/site-packages/sklearn/utils/validation.py:2749: UserWarning: X does not have valid feature names, but StandardScaler was fitted with feature names
  warnings.warn(
/proj/berzelius-2026-62/users/x_ribec/software/surf-surrogate-env/lib/python3.10/site-packages/sklearn/utils/validation.py:2749: UserWarning: X does not have valid feature names, but StandardScaler was fitted with feature names
  warnings.warn(
/proj/berzelius-2026-62/users/x_ribec/software/surf-surrogate-env/lib/python3.10/site-packages/sklearn/utils/validation.py:2749: UserWarning: X does not have valid feature names, but StandardScaler was fitted with feature names
  warnings.warn(
/proj/berzelius-2026-62/users/x_ribec/software/surf-surrogate-env/lib/python3.10/site-packages/sklearn/utils/validation.py:2749: UserWarning: X does not have valid feature names, but StandardScaler was fitted with feature names
  warnings.warn(
/proj/berzelius-2026-62/users/x_ribec/software/surf-surrogate-env/lib/python3.10/site-packages/sklearn/utils/validation.py:2749: UserWarning: X does not have valid feature names, but StandardScaler was fitted with feature names
  warnings.warn(
/proj/berzelius-2026-62/users/x_ribec/software/surf-surrogate-env/lib/python3.10/site-packages/sklearn/utils/validation.py:2749: UserWarning: X does not have valid feature names, but StandardScaler was fitted with feature names
  warnings.warn(
/proj/berzelius-2026-62/users/x_ribec/software/surf-surrogate-env/lib/python3.10/site-packages/sklearn/utils/validation.py:2749: UserWarning: X does not have valid feature names, but StandardScaler was fitted with feature names
  warnings.warn(
/proj/berzelius-2026-62/users/x_ribec/software/surf-surrogate-env/lib/python3.10/site-packages/sklearn/utils/validation.py:2749: UserWarning: X does not have valid feature names, but StandardScaler was fitted with feature names
  warnings.warn(
/proj/berzelius-2026-62/users/x_ribec/software/surf-surrogate-env/lib/python3.10/site-packages/sklearn/utils/validation.py:2749: UserWarning: X does not have valid feature names, but StandardScaler was fitted with feature names
  warnings.warn(
/proj/berzelius-2026-62/users/x_ribec/software/surf-surrogate-env/lib/python3.10/site-packages/sklearn/utils/validation.py:2749: UserWarning: X does not have valid feature names, but StandardScaler was fitted with feature names
  warnings.warn(
/proj/berzelius-2026-62/users/x_ribec/software/surf-surrogate-env/lib/python3.10/site-packages/sklearn/utils/validation.py:2749: UserWarning: X does not have valid feature names, but StandardScaler was fitted with feature names
  warnings.warn(
/proj/berzelius-2026-62/users/x_ribec/software/surf-surrogate-env/lib/python3.10/site-packages/sklearn/utils/validation.py:2749: UserWarning: X does not have valid feature names, but StandardScaler was fitted with feature names
  warnings.warn(
/proj/berzelius-2026-62/users/x_ribec/software/surf-surrogate-env/lib/python3.10/site-packages/sklearn/utils/validation.py:2749: UserWarning: X does not have valid feature names, but StandardScaler was fitted with feature names
  warnings.warn(
/proj/berzelius-2026-62/users/x_ribec/software/surf-surrogate-env/lib/python3.10/site-packages/sklearn/utils/validation.py:2749: UserWarning: X does not have valid feature names, but StandardScaler was fitted with feature names
  warnings.warn(
/proj/berzelius-2026-62/users/x_ribec/software/surf-surrogate-env/lib/python3.10/site-packages/sklearn/utils/validation.py:2749: UserWarning: X does not have valid feature names, but StandardScaler was fitted with feature names
  warnings.warn(
/proj/berzelius-2026-62/users/x_ribec/software/surf-surrogate-env/lib/python3.10/site-packages/sklearn/utils/validation.py:2749: UserWarning: X does not have valid feature names, but StandardScaler was fitted with feature names
  warnings.warn(
/proj/berzelius-2026-62/users/x_ribec/software/surf-surrogate-env/lib/python3.10/site-packages/sklearn/utils/validation.py:2749: UserWarning: X does not have valid feature names, but StandardScaler was fitted with feature names
  warnings.warn(
/proj/berzelius-2026-62/users/x_ribec/software/surf-surrogate-env/lib/python3.10/site-packages/sklearn/utils/validation.py:2749: UserWarning: X does not have valid feature names, but StandardScaler was fitted with feature names
  warnings.warn(
/proj/berzelius-2026-62/users/x_ribec/software/surf-surrogate-env/lib/python3.10/site-packages/sklearn/utils/validation.py:2749: UserWarning: X does not have valid feature names, but StandardScaler was fitted with feature names
  warnings.warn(
/proj/berzelius-2026-62/users/x_ribec/software/surf-surrogate-env/lib/python3.10/site-packages/sklearn/utils/validation.py:2749: UserWarning: X does not have valid feature names, but StandardScaler was fitted with feature names
  warnings.warn(
/proj/berzelius-2026-62/users/x_ribec/software/surf-surrogate-env/lib/python3.10/site-packages/sklearn/utils/validation.py:2749: UserWarning: X does not have valid feature names, but StandardScaler was fitted with feature names
  warnings.warn(
/proj/berzelius-2026-62/users/x_ribec/software/surf-surrogate-env/lib/python3.10/site-packages/sklearn/utils/validation.py:2749: UserWarning: X does not have valid feature names, but StandardScaler was fitted with feature names
  warnings.warn(
/proj/berzelius-2026-62/users/x_ribec/software/surf-surrogate-env/lib/python3.10/site-packages/sklearn/utils/validation.py:2749: UserWarning: X does not have valid feature names, but StandardScaler was fitted with feature names
  warnings.warn(
/proj/berzelius-2026-62/users/x_ribec/software/surf-surrogate-env/lib/python3.10/site-packages/sklearn/utils/validation.py:2749: UserWarning: X does not have valid feature names, but StandardScaler was fitted with feature names
  warnings.warn(
/proj/berzelius-2026-62/users/x_ribec/software/surf-surrogate-env/lib/python3.10/site-packages/sklearn/utils/validation.py:2749: UserWarning: X does not have valid feature names, but StandardScaler was fitted with feature names
  warnings.warn(
/proj/berzelius-2026-62/users/x_ribec/software/surf-surrogate-env/lib/python3.10/site-packages/sklearn/utils/validation.py:2749: UserWarning: X does not have valid feature names, but StandardScaler was fitted with feature names
  warnings.warn(
/proj/berzelius-2026-62/users/x_ribec/software/surf-surrogate-env/lib/python3.10/site-packages/sklearn/utils/validation.py:2749: UserWarning: X does not have valid feature names, but StandardScaler was fitted with feature names
  warnings.warn(
/proj/berzelius-2026-62/users/x_ribec/software/surf-surrogate-env/lib/python3.10/site-packages/sklearn/utils/validation.py:2749: UserWarning: X does not have valid feature names, but StandardScaler was fitted with feature names
  warnings.warn(
/proj/berzelius-2026-62/users/x_ribec/software/surf-surrogate-env/lib/python3.10/site-packages/sklearn/utils/validation.py:2749: UserWarning: X does not have valid feature names, but StandardScaler was fitted with feature names
  warnings.warn(
/proj/berzelius-2026-62/users/x_ribec/software/surf-surrogate-env/lib/python3.10/site-packages/sklearn/utils/validation.py:2749: UserWarning: X does not have valid feature names, but StandardScaler was fitted with feature names
  warnings.warn(
/proj/berzelius-2026-62/users/x_ribec/software/surf-surrogate-env/lib/python3.10/site-packages/sklearn/utils/validation.py:2749: UserWarning: X does not have valid feature names, but StandardScaler was fitted with feature names
  warnings.warn(
/proj/berzelius-2026-62/users/x_ribec/software/surf-surrogate-env/lib/python3.10/site-packages/sklearn/utils/validation.py:2749: UserWarning: X does not have valid feature names, but StandardScaler was fitted with feature names
  warnings.warn(
/proj/berzelius-2026-62/users/x_ribec/software/surf-surrogate-env/lib/python3.10/site-packages/sklearn/utils/validation.py:2749: UserWarning: X does not have valid feature names, but StandardScaler was fitted with feature names
  warnings.warn(
/proj/berzelius-2026-62/users/x_ribec/software/surf-surrogate-env/lib/python3.10/site-packages/sklearn/utils/validation.py:2749: UserWarning: X does not have valid feature names, but StandardScaler was fitted with feature names
  warnings.warn(
/proj/berzelius-2026-62/users/x_ribec/software/surf-surrogate-env/lib/python3.10/site-packages/sklearn/utils/validation.py:2749: UserWarning: X does not have valid feature names, but StandardScaler was fitted with feature names
  warnings.warn(
/proj/berzelius-2026-62/users/x_ribec/software/surf-surrogate-env/lib/python3.10/site-packages/sklearn/utils/validation.py:2749: UserWarning: X does not have valid feature names, but StandardScaler was fitted with feature names
  warnings.warn(
/proj/berzelius-2026-62/users/x_ribec/software/surf-surrogate-env/lib/python3.10/site-packages/sklearn/utils/validation.py:2749: UserWarning: X does not have valid feature names, but StandardScaler was fitted with feature names
  warnings.warn(
/proj/berzelius-2026-62/users/x_ribec/software/surf-surrogate-env/lib/python3.10/site-packages/sklearn/utils/validation.py:2749: UserWarning: X does not have valid feature names, but StandardScaler was fitted with feature names
  warnings.warn(
/proj/berzelius-2026-62/users/x_ribec/software/surf-surrogate-env/lib/python3.10/site-packages/sklearn/utils/validation.py:2749: UserWarning: X does not have valid feature names, but StandardScaler was fitted with feature names
  warnings.warn(
/proj/berzelius-2026-62/users/x_ribec/software/surf-surrogate-env/lib/python3.10/site-packages/sklearn/utils/validation.py:2749: UserWarning: X does not have valid feature names, but StandardScaler was fitted with feature names
  warnings.warn(
/proj/berzelius-2026-62/users/x_ribec/software/surf-surrogate-env/lib/python3.10/site-packages/sklearn/utils/validation.py:2749: UserWarning: X does not have valid feature names, but StandardScaler was fitted with feature names
  warnings.warn(
/proj/berzelius-2026-62/users/x_ribec/software/surf-surrogate-env/lib/python3.10/site-packages/sklearn/utils/validation.py:2749: UserWarning: X does not have valid feature names, but StandardScaler was fitted with feature names
  warnings.warn(
/proj/berzelius-2026-62/users/x_ribec/software/surf-surrogate-env/lib/python3.10/site-packages/sklearn/utils/validation.py:2749: UserWarning: X does not have valid feature names, but StandardScaler was fitted with feature names
  warnings.warn(
/proj/berzelius-2026-62/users/x_ribec/software/surf-surrogate-env/lib/python3.10/site-packages/sklearn/utils/validation.py:2749: UserWarning: X does not have valid feature names, but StandardScaler was fitted with feature names
  warnings.warn(
/proj/berzelius-2026-62/users/x_ribec/software/surf-surrogate-env/lib/python3.10/site-packages/sklearn/utils/validation.py:2749: UserWarning: X does not have valid feature names, but StandardScaler was fitted with feature names
  warnings.warn(
/proj/berzelius-2026-62/users/x_ribec/software/surf-surrogate-env/lib/python3.10/site-packages/sklearn/utils/validation.py:2749: UserWarning: X does not have valid feature names, but StandardScaler was fitted with feature names
  warnings.warn(
/proj/berzelius-2026-62/users/x_ribec/software/surf-surrogate-env/lib/python3.10/site-packages/sklearn/utils/validation.py:2749: UserWarning: X does not have valid feature names, but StandardScaler was fitted with feature names
  warnings.warn(
/proj/berzelius-2026-62/users/x_ribec/software/surf-surrogate-env/lib/python3.10/site-packages/sklearn/utils/validation.py:2749: UserWarning: X does not have valid feature names, but StandardScaler was fitted with feature names
  warnings.warn(
/proj/berzelius-2026-62/users/x_ribec/software/surf-surrogate-env/lib/python3.10/site-packages/sklearn/utils/validation.py:2749: UserWarning: X does not have valid feature names, but StandardScaler was fitted with feature names
  warnings.warn(
/proj/berzelius-2026-62/users/x_ribec/software/surf-surrogate-env/lib/python3.10/site-packages/sklearn/utils/validation.py:2749: UserWarning: X does not have valid feature names, but StandardScaler was fitted with feature names
  warnings.warn(
/proj/berzelius-2026-62/users/x_ribec/software/surf-surrogate-env/lib/python3.10/site-packages/sklearn/utils/validation.py:2749: UserWarning: X does not have valid feature names, but StandardScaler was fitted with feature names
  warnings.warn(
/proj/berzelius-2026-62/users/x_ribec/software/surf-surrogate-env/lib/python3.10/site-packages/sklearn/utils/validation.py:2749: UserWarning: X does not have valid feature names, but StandardScaler was fitted with feature names
  warnings.warn(
/proj/berzelius-2026-62/users/x_ribec/software/surf-surrogate-env/lib/python3.10/site-packages/sklearn/utils/validation.py:2749: UserWarning: X does not have valid feature names, but StandardScaler was fitted with feature names
  warnings.warn(
/proj/berzelius-2026-62/users/x_ribec/software/surf-surrogate-env/lib/python3.10/site-packages/sklearn/utils/validation.py:2749: UserWarning: X does not have valid feature names, but StandardScaler was fitted with feature names
  warnings.warn(
/proj/berzelius-2026-62/users/x_ribec/software/surf-surrogate-env/lib/python3.10/site-packages/sklearn/utils/validation.py:2749: UserWarning: X does not have valid feature names, but StandardScaler was fitted with feature names
  warnings.warn(
/proj/berzelius-2026-62/users/x_ribec/software/surf-surrogate-env/lib/python3.10/site-packages/sklearn/utils/validation.py:2749: UserWarning: X does not have valid feature names, but StandardScaler was fitted with feature names
  warnings.warn(
/proj/berzelius-2026-62/users/x_ribec/software/surf-surrogate-env/lib/python3.10/site-packages/sklearn/utils/validation.py:2749: UserWarning: X does not have valid feature names, but StandardScaler was fitted with feature names
  warnings.warn(
/proj/berzelius-2026-62/users/x_ribec/software/surf-surrogate-env/lib/python3.10/site-packages/sklearn/utils/validation.py:2749: UserWarning: X does not have valid feature names, but StandardScaler was fitted with feature names
  warnings.warn(
/proj/berzelius-2026-62/users/x_ribec/software/surf-surrogate-env/lib/python3.10/site-packages/sklearn/utils/validation.py:2749: UserWarning: X does not have valid feature names, but StandardScaler was fitted with feature names
  warnings.warn(
/proj/berzelius-2026-62/users/x_ribec/software/surf-surrogate-env/lib/python3.10/site-packages/sklearn/utils/validation.py:2749: UserWarning: X does not have valid feature names, but StandardScaler was fitted with feature names
  warnings.warn(
/proj/berzelius-2026-62/users/x_ribec/software/surf-surrogate-env/lib/python3.10/site-packages/sklearn/utils/validation.py:2749: UserWarning: X does not have valid feature names, but StandardScaler was fitted with feature names
  warnings.warn(
/proj/berzelius-2026-62/users/x_ribec/software/surf-surrogate-env/lib/python3.10/site-packages/sklearn/utils/validation.py:2749: UserWarning: X does not have valid feature names, but StandardScaler was fitted with feature names
  warnings.warn(
/proj/berzelius-2026-62/users/x_ribec/software/surf-surrogate-env/lib/python3.10/site-packages/sklearn/utils/validation.py:2749: UserWarning: X does not have valid feature names, but StandardScaler was fitted with feature names
  warnings.warn(
/proj/berzelius-2026-62/users/x_ribec/software/surf-surrogate-env/lib/python3.10/site-packages/sklearn/utils/validation.py:2749: UserWarning: X does not have valid feature names, but StandardScaler was fitted with feature names
  warnings.warn(
/proj/berzelius-2026-62/users/x_ribec/software/surf-surrogate-env/lib/python3.10/site-packages/sklearn/utils/validation.py:2749: UserWarning: X does not have valid feature names, but StandardScaler was fitted with feature names
  warnings.warn(
/proj/berzelius-2026-62/users/x_ribec/software/surf-surrogate-env/lib/python3.10/site-packages/sklearn/utils/validation.py:2749: UserWarning: X does not have valid feature names, but StandardScaler was fitted with feature names
  warnings.warn(
/proj/berzelius-2026-62/users/x_ribec/software/surf-surrogate-env/lib/python3.10/site-packages/sklearn/utils/validation.py:2749: UserWarning: X does not have valid feature names, but StandardScaler was fitted with feature names
  warnings.warn(
/proj/berzelius-2026-62/users/x_ribec/software/surf-surrogate-env/lib/python3.10/site-packages/sklearn/utils/validation.py:2749: UserWarning: X does not have valid feature names, but StandardScaler was fitted with feature names
  warnings.warn(
/proj/berzelius-2026-62/users/x_ribec/software/surf-surrogate-env/lib/python3.10/site-packages/sklearn/utils/validation.py:2749: UserWarning: X does not have valid feature names, but StandardScaler was fitted with feature names
  warnings.warn(
/proj/berzelius-2026-62/users/x_ribec/software/surf-surrogate-env/lib/python3.10/site-packages/sklearn/utils/validation.py:2749: UserWarning: X does not have valid feature names, but StandardScaler was fitted with feature names
  warnings.warn(
/proj/berzelius-2026-62/users/x_ribec/software/surf-surrogate-env/lib/python3.10/site-packages/sklearn/utils/validation.py:2749: UserWarning: X does not have valid feature names, but StandardScaler was fitted with feature names
  warnings.warn(
/proj/berzelius-2026-62/users/x_ribec/software/surf-surrogate-env/lib/python3.10/site-packages/sklearn/utils/validation.py:2749: UserWarning: X does not have valid feature names, but StandardScaler was fitted with feature names
  warnings.warn(
/proj/berzelius-2026-62/users/x_ribec/software/surf-surrogate-env/lib/python3.10/site-packages/sklearn/utils/validation.py:2749: UserWarning: X does not have valid feature names, but StandardScaler was fitted with feature names
  warnings.warn(
/proj/berzelius-2026-62/users/x_ribec/software/surf-surrogate-env/lib/python3.10/site-packages/sklearn/utils/validation.py:2749: UserWarning: X does not have valid feature names, but StandardScaler was fitted with feature names
  warnings.warn(
/proj/berzelius-2026-62/users/x_ribec/software/surf-surrogate-env/lib/python3.10/site-packages/sklearn/utils/validation.py:2749: UserWarning: X does not have valid feature names, but StandardScaler was fitted with feature names
  warnings.warn(
/proj/berzelius-2026-62/users/x_ribec/software/surf-surrogate-env/lib/python3.10/site-packages/sklearn/utils/validation.py:2749: UserWarning: X does not have valid feature names, but StandardScaler was fitted with feature names
  warnings.warn(
/proj/berzelius-2026-62/users/x_ribec/software/surf-surrogate-env/lib/python3.10/site-packages/sklearn/utils/validation.py:2749: UserWarning: X does not have valid feature names, but StandardScaler was fitted with feature names
  warnings.warn(
/proj/berzelius-2026-62/users/x_ribec/software/surf-surrogate-env/lib/python3.10/site-packages/sklearn/utils/validation.py:2749: UserWarning: X does not have valid feature names, but StandardScaler was fitted with feature names
  warnings.warn(
/proj/berzelius-2026-62/users/x_ribec/software/surf-surrogate-env/lib/python3.10/site-packages/sklearn/utils/validation.py:2749: UserWarning: X does not have valid feature names, but StandardScaler was fitted with feature names
  warnings.warn(
/proj/berzelius-2026-62/users/x_ribec/software/surf-surrogate-env/lib/python3.10/site-packages/sklearn/utils/validation.py:2749: UserWarning: X does not have valid feature names, but StandardScaler was fitted with feature names
  warnings.warn(
/proj/berzelius-2026-62/users/x_ribec/software/surf-surrogate-env/lib/python3.10/site-packages/sklearn/utils/validation.py:2749: UserWarning: X does not have valid feature names, but StandardScaler was fitted with feature names
  warnings.warn(
/proj/berzelius-2026-62/users/x_ribec/software/surf-surrogate-env/lib/python3.10/site-packages/sklearn/utils/validation.py:2749: UserWarning: X does not have valid feature names, but StandardScaler was fitted with feature names
  warnings.warn(
/proj/berzelius-2026-62/users/x_ribec/software/surf-surrogate-env/lib/python3.10/site-packages/sklearn/utils/validation.py:2749: UserWarning: X does not have valid feature names, but StandardScaler was fitted with feature names
  warnings.warn(
/proj/berzelius-2026-62/users/x_ribec/software/surf-surrogate-env/lib/python3.10/site-packages/sklearn/utils/validation.py:2749: UserWarning: X does not have valid feature names, but StandardScaler was fitted with feature names
  warnings.warn(
/proj/berzelius-2026-62/users/x_ribec/software/surf-surrogate-env/lib/python3.10/site-packages/sklearn/utils/validation.py:2749: UserWarning: X does not have valid feature names, but StandardScaler was fitted with feature names
  warnings.warn(
/proj/berzelius-2026-62/users/x_ribec/software/surf-surrogate-env/lib/python3.10/site-packages/sklearn/utils/validation.py:2749: UserWarning: X does not have valid feature names, but StandardScaler was fitted with feature names
  warnings.warn(
/proj/berzelius-2026-62/users/x_ribec/software/surf-surrogate-env/lib/python3.10/site-packages/sklearn/utils/validation.py:2749: UserWarning: X does not have valid feature names, but StandardScaler was fitted with feature names
  warnings.warn(
/proj/berzelius-2026-62/users/x_ribec/software/surf-surrogate-env/lib/python3.10/site-packages/sklearn/utils/validation.py:2749: UserWarning: X does not have valid feature names, but StandardScaler was fitted with feature names
  warnings.warn(
/proj/berzelius-2026-62/users/x_ribec/software/surf-surrogate-env/lib/python3.10/site-packages/sklearn/utils/validation.py:2749: UserWarning: X does not have valid feature names, but StandardScaler was fitted with feature names
  warnings.warn(
/proj/berzelius-2026-62/users/x_ribec/software/surf-surrogate-env/lib/python3.10/site-packages/sklearn/utils/validation.py:2749: UserWarning: X does not have valid feature names, but StandardScaler was fitted with feature names
  warnings.warn(
/proj/berzelius-2026-62/users/x_ribec/software/surf-surrogate-env/lib/python3.10/site-packages/sklearn/utils/validation.py:2749: UserWarning: X does not have valid feature names, but StandardScaler was fitted with feature names
  warnings.warn(
/proj/berzelius-2026-62/users/x_ribec/software/surf-surrogate-env/lib/python3.10/site-packages/sklearn/utils/validation.py:2749: UserWarning: X does not have valid feature names, but StandardScaler was fitted with feature names
  warnings.warn(
/proj/berzelius-2026-62/users/x_ribec/software/surf-surrogate-env/lib/python3.10/site-packages/sklearn/utils/validation.py:2749: UserWarning: X does not have valid feature names, but StandardScaler was fitted with feature names
  warnings.warn(
/proj/berzelius-2026-62/users/x_ribec/software/surf-surrogate-env/lib/python3.10/site-packages/sklearn/utils/validation.py:2749: UserWarning: X does not have valid feature names, but StandardScaler was fitted with feature names
  warnings.warn(
/proj/berzelius-2026-62/users/x_ribec/software/surf-surrogate-env/lib/python3.10/site-packages/sklearn/utils/validation.py:2749: UserWarning: X does not have valid feature names, but StandardScaler was fitted with feature names
  warnings.warn(
/proj/berzelius-2026-62/users/x_ribec/software/surf-surrogate-env/lib/python3.10/site-packages/sklearn/utils/validation.py:2749: UserWarning: X does not have valid feature names, but StandardScaler was fitted with feature names
  warnings.warn(
/proj/berzelius-2026-62/users/x_ribec/software/surf-surrogate-env/lib/python3.10/site-packages/sklearn/utils/validation.py:2749: UserWarning: X does not have valid feature names, but StandardScaler was fitted with feature names
  warnings.warn(
/proj/berzelius-2026-62/users/x_ribec/software/surf-surrogate-env/lib/python3.10/site-packages/sklearn/utils/validation.py:2749: UserWarning: X does not have valid feature names, but StandardScaler was fitted with feature names
  warnings.warn(
/proj/berzelius-2026-62/users/x_ribec/software/surf-surrogate-env/lib/python3.10/site-packages/sklearn/utils/validation.py:2749: UserWarning: X does not have valid feature names, but StandardScaler was fitted with feature names
  warnings.warn(
/proj/berzelius-2026-62/users/x_ribec/software/surf-surrogate-env/lib/python3.10/site-packages/sklearn/utils/validation.py:2749: UserWarning: X does not have valid feature names, but StandardScaler was fitted with feature names
  warnings.warn(
/proj/berzelius-2026-62/users/x_ribec/software/surf-surrogate-env/lib/python3.10/site-packages/sklearn/utils/validation.py:2749: UserWarning: X does not have valid feature names, but StandardScaler was fitted with feature names
  warnings.warn(
/proj/berzelius-2026-62/users/x_ribec/software/surf-surrogate-env/lib/python3.10/site-packages/sklearn/utils/validation.py:2749: UserWarning: X does not have valid feature names, but StandardScaler was fitted with feature names
  warnings.warn(
/proj/berzelius-2026-62/users/x_ribec/software/surf-surrogate-env/lib/python3.10/site-packages/sklearn/utils/validation.py:2749: UserWarning: X does not have valid feature names, but StandardScaler was fitted with feature names
  warnings.warn(
/proj/berzelius-2026-62/users/x_ribec/software/surf-surrogate-env/lib/python3.10/site-packages/sklearn/utils/validation.py:2749: UserWarning: X does not have valid feature names, but StandardScaler was fitted with feature names
  warnings.warn(
/proj/berzelius-2026-62/users/x_ribec/software/surf-surrogate-env/lib/python3.10/site-packages/sklearn/utils/validation.py:2749: UserWarning: X does not have valid feature names, but StandardScaler was fitted with feature names
  warnings.warn(
/proj/berzelius-2026-62/users/x_ribec/software/surf-surrogate-env/lib/python3.10/site-packages/sklearn/utils/validation.py:2749: UserWarning: X does not have valid feature names, but StandardScaler was fitted with feature names
  warnings.warn(
/proj/berzelius-2026-62/users/x_ribec/software/surf-surrogate-env/lib/python3.10/site-packages/sklearn/utils/validation.py:2749: UserWarning: X does not have valid feature names, but StandardScaler was fitted with feature names
  warnings.warn(
/proj/berzelius-2026-62/users/x_ribec/software/surf-surrogate-env/lib/python3.10/site-packages/sklearn/utils/validation.py:2749: UserWarning: X does not have valid feature names, but StandardScaler was fitted with feature names
  warnings.warn(
/proj/berzelius-2026-62/users/x_ribec/software/surf-surrogate-env/lib/python3.10/site-packages/sklearn/utils/validation.py:2749: UserWarning: X does not have valid feature names, but StandardScaler was fitted with feature names
  warnings.warn(
/proj/berzelius-2026-62/users/x_ribec/software/surf-surrogate-env/lib/python3.10/site-packages/sklearn/utils/validation.py:2749: UserWarning: X does not have valid feature names, but StandardScaler was fitted with feature names
  warnings.warn(
/proj/berzelius-2026-62/users/x_ribec/software/surf-surrogate-env/lib/python3.10/site-packages/sklearn/utils/validation.py:2749: UserWarning: X does not have valid feature names, but StandardScaler was fitted with feature names
  warnings.warn(
/proj/berzelius-2026-62/users/x_ribec/software/surf-surrogate-env/lib/python3.10/site-packages/sklearn/utils/validation.py:2749: UserWarning: X does not have valid feature names, but StandardScaler was fitted with feature names
  warnings.warn(
/proj/berzelius-2026-62/users/x_ribec/software/surf-surrogate-env/lib/python3.10/site-packages/sklearn/utils/validation.py:2749: UserWarning: X does not have valid feature names, but StandardScaler was fitted with feature names
  warnings.warn(
/proj/berzelius-2026-62/users/x_ribec/software/surf-surrogate-env/lib/python3.10/site-packages/sklearn/utils/validation.py:2749: UserWarning: X does not have valid feature names, but StandardScaler was fitted with feature names
  warnings.warn(
/proj/berzelius-2026-62/users/x_ribec/software/surf-surrogate-env/lib/python3.10/site-packages/sklearn/utils/validation.py:2749: UserWarning: X does not have valid feature names, but StandardScaler was fitted with feature names
  warnings.warn(
/proj/berzelius-2026-62/users/x_ribec/software/surf-surrogate-env/lib/python3.10/site-packages/sklearn/utils/validation.py:2749: UserWarning: X does not have valid feature names, but StandardScaler was fitted with feature names
  warnings.warn(
/proj/berzelius-2026-62/users/x_ribec/software/surf-surrogate-env/lib/python3.10/site-packages/sklearn/utils/validation.py:2749: UserWarning: X does not have valid feature names, but StandardScaler was fitted with feature names
  warnings.warn(
/proj/berzelius-2026-62/users/x_ribec/software/surf-surrogate-env/lib/python3.10/site-packages/sklearn/utils/validation.py:2749: UserWarning: X does not have valid feature names, but StandardScaler was fitted with feature names
  warnings.warn(
/proj/berzelius-2026-62/users/x_ribec/software/surf-surrogate-env/lib/python3.10/site-packages/sklearn/utils/validation.py:2749: UserWarning: X does not have valid feature names, but StandardScaler was fitted with feature names
  warnings.warn(
/proj/berzelius-2026-62/users/x_ribec/software/surf-surrogate-env/lib/python3.10/site-packages/sklearn/utils/validation.py:2749: UserWarning: X does not have valid feature names, but StandardScaler was fitted with feature names
  warnings.warn(
/proj/berzelius-2026-62/users/x_ribec/software/surf-surrogate-env/lib/python3.10/site-packages/sklearn/utils/validation.py:2749: UserWarning: X does not have valid feature names, but StandardScaler was fitted with feature names
  warnings.warn(
/proj/berzelius-2026-62/users/x_ribec/software/surf-surrogate-env/lib/python3.10/site-packages/sklearn/utils/validation.py:2749: UserWarning: X does not have valid feature names, but StandardScaler was fitted with feature names
  warnings.warn(
/proj/berzelius-2026-62/users/x_ribec/software/surf-surrogate-env/lib/python3.10/site-packages/sklearn/utils/validation.py:2749: UserWarning: X does not have valid feature names, but StandardScaler was fitted with feature names
  warnings.warn(
/proj/berzelius-2026-62/users/x_ribec/software/surf-surrogate-env/lib/python3.10/site-packages/sklearn/utils/validation.py:2749: UserWarning: X does not have valid feature names, but StandardScaler was fitted with feature names
  warnings.warn(
/proj/berzelius-2026-62/users/x_ribec/software/surf-surrogate-env/lib/python3.10/site-packages/sklearn/utils/validation.py:2749: UserWarning: X does not have valid feature names, but StandardScaler was fitted with feature names
  warnings.warn(
/proj/berzelius-2026-62/users/x_ribec/software/surf-surrogate-env/lib/python3.10/site-packages/sklearn/utils/validation.py:2749: UserWarning: X does not have valid feature names, but StandardScaler was fitted with feature names
  warnings.warn(
/proj/berzelius-2026-62/users/x_ribec/software/surf-surrogate-env/lib/python3.10/site-packages/sklearn/utils/validation.py:2749: UserWarning: X does not have valid feature names, but StandardScaler was fitted with feature names
  warnings.warn(
/proj/berzelius-2026-62/users/x_ribec/software/surf-surrogate-env/lib/python3.10/site-packages/sklearn/utils/validation.py:2749: UserWarning: X does not have valid feature names, but StandardScaler was fitted with feature names
  warnings.warn(
/proj/berzelius-2026-62/users/x_ribec/software/surf-surrogate-env/lib/python3.10/site-packages/sklearn/utils/validation.py:2749: UserWarning: X does not have valid feature names, but StandardScaler was fitted with feature names
  warnings.warn(
/proj/berzelius-2026-62/users/x_ribec/software/surf-surrogate-env/lib/python3.10/site-packages/sklearn/utils/validation.py:2749: UserWarning: X does not have valid feature names, but StandardScaler was fitted with feature names
  warnings.warn(
/proj/berzelius-2026-62/users/x_ribec/software/surf-surrogate-env/lib/python3.10/site-packages/sklearn/utils/validation.py:2749: UserWarning: X does not have valid feature names, but StandardScaler was fitted with feature names
  warnings.warn(
/proj/berzelius-2026-62/users/x_ribec/software/surf-surrogate-env/lib/python3.10/site-packages/sklearn/utils/validation.py:2749: UserWarning: X does not have valid feature names, but StandardScaler was fitted with feature names
  warnings.warn(
/proj/berzelius-2026-62/users/x_ribec/software/surf-surrogate-env/lib/python3.10/site-packages/sklearn/utils/validation.py:2749: UserWarning: X does not have valid feature names, but StandardScaler was fitted with feature names
  warnings.warn(
/proj/berzelius-2026-62/users/x_ribec/software/surf-surrogate-env/lib/python3.10/site-packages/sklearn/utils/validation.py:2749: UserWarning: X does not have valid feature names, but StandardScaler was fitted with feature names
  warnings.warn(
/proj/berzelius-2026-62/users/x_ribec/software/surf-surrogate-env/lib/python3.10/site-packages/sklearn/utils/validation.py:2749: UserWarning: X does not have valid feature names, but StandardScaler was fitted with feature names
  warnings.warn(
/proj/berzelius-2026-62/users/x_ribec/software/surf-surrogate-env/lib/python3.10/site-packages/sklearn/utils/validation.py:2749: UserWarning: X does not have valid feature names, but StandardScaler was fitted with feature names
  warnings.warn(
/proj/berzelius-2026-62/users/x_ribec/software/surf-surrogate-env/lib/python3.10/site-packages/sklearn/utils/validation.py:2749: UserWarning: X does not have valid feature names, but StandardScaler was fitted with feature names
  warnings.warn(
/proj/berzelius-2026-62/users/x_ribec/software/surf-surrogate-env/lib/python3.10/site-packages/sklearn/utils/validation.py:2749: UserWarning: X does not have valid feature names, but StandardScaler was fitted with feature names
  warnings.warn(
/proj/berzelius-2026-62/users/x_ribec/software/surf-surrogate-env/lib/python3.10/site-packages/sklearn/utils/validation.py:2749: UserWarning: X does not have valid feature names, but StandardScaler was fitted with feature names
  warnings.warn(
/proj/berzelius-2026-62/users/x_ribec/software/surf-surrogate-env/lib/python3.10/site-packages/sklearn/utils/validation.py:2749: UserWarning: X does not have valid feature names, but StandardScaler was fitted with feature names
  warnings.warn(
/proj/berzelius-2026-62/users/x_ribec/software/surf-surrogate-env/lib/python3.10/site-packages/sklearn/utils/validation.py:2749: UserWarning: X does not have valid feature names, but StandardScaler was fitted with feature names
  warnings.warn(
/proj/berzelius-2026-62/users/x_ribec/software/surf-surrogate-env/lib/python3.10/site-packages/sklearn/utils/validation.py:2749: UserWarning: X does not have valid feature names, but StandardScaler was fitted with feature names
  warnings.warn(
/proj/berzelius-2026-62/users/x_ribec/software/surf-surrogate-env/lib/python3.10/site-packages/sklearn/utils/validation.py:2749: UserWarning: X does not have valid feature names, but StandardScaler was fitted with feature names
  warnings.warn(
/proj/berzelius-2026-62/users/x_ribec/software/surf-surrogate-env/lib/python3.10/site-packages/sklearn/utils/validation.py:2749: UserWarning: X does not have valid feature names, but StandardScaler was fitted with feature names
  warnings.warn(
/proj/berzelius-2026-62/users/x_ribec/software/surf-surrogate-env/lib/python3.10/site-packages/sklearn/utils/validation.py:2749: UserWarning: X does not have valid feature names, but StandardScaler was fitted with feature names
  warnings.warn(
/proj/berzelius-2026-62/users/x_ribec/software/surf-surrogate-env/lib/python3.10/site-packages/sklearn/utils/validation.py:2749: UserWarning: X does not have valid feature names, but StandardScaler was fitted with feature names
  warnings.warn(
/proj/berzelius-2026-62/users/x_ribec/software/surf-surrogate-env/lib/python3.10/site-packages/sklearn/utils/validation.py:2749: UserWarning: X does not have valid feature names, but StandardScaler was fitted with feature names
  warnings.warn(
/proj/berzelius-2026-62/users/x_ribec/software/surf-surrogate-env/lib/python3.10/site-packages/sklearn/utils/validation.py:2749: UserWarning: X does not have valid feature names, but StandardScaler was fitted with feature names
  warnings.warn(
/proj/berzelius-2026-62/users/x_ribec/software/surf-surrogate-env/lib/python3.10/site-packages/sklearn/utils/validation.py:2749: UserWarning: X does not have valid feature names, but StandardScaler was fitted with feature names
  warnings.warn(
/proj/berzelius-2026-62/users/x_ribec/software/surf-surrogate-env/lib/python3.10/site-packages/sklearn/utils/validation.py:2749: UserWarning: X does not have valid feature names, but StandardScaler was fitted with feature names
  warnings.warn(
/proj/berzelius-2026-62/users/x_ribec/software/surf-surrogate-env/lib/python3.10/site-packages/sklearn/utils/validation.py:2749: UserWarning: X does not have valid feature names, but StandardScaler was fitted with feature names
  warnings.warn(
/proj/berzelius-2026-62/users/x_ribec/software/surf-surrogate-env/lib/python3.10/site-packages/sklearn/utils/validation.py:2749: UserWarning: X does not have valid feature names, but StandardScaler was fitted with feature names
  warnings.warn(
/proj/berzelius-2026-62/users/x_ribec/software/surf-surrogate-env/lib/python3.10/site-packages/sklearn/utils/validation.py:2749: UserWarning: X does not have valid feature names, but StandardScaler was fitted with feature names
  warnings.warn(
/proj/berzelius-2026-62/users/x_ribec/software/surf-surrogate-env/lib/python3.10/site-packages/sklearn/utils/validation.py:2749: UserWarning: X does not have valid feature names, but StandardScaler was fitted with feature names
  warnings.warn(
/proj/berzelius-2026-62/users/x_ribec/software/surf-surrogate-env/lib/python3.10/site-packages/sklearn/utils/validation.py:2749: UserWarning: X does not have valid feature names, but StandardScaler was fitted with feature names
  warnings.warn(
/proj/berzelius-2026-62/users/x_ribec/software/surf-surrogate-env/lib/python3.10/site-packages/sklearn/utils/validation.py:2749: UserWarning: X does not have valid feature names, but StandardScaler was fitted with feature names
  warnings.warn(
/proj/berzelius-2026-62/users/x_ribec/software/surf-surrogate-env/lib/python3.10/site-packages/sklearn/utils/validation.py:2749: UserWarning: X does not have valid feature names, but StandardScaler was fitted with feature names
  warnings.warn(
/proj/berzelius-2026-62/users/x_ribec/software/surf-surrogate-env/lib/python3.10/site-packages/sklearn/utils/validation.py:2749: UserWarning: X does not have valid feature names, but StandardScaler was fitted with feature names
  warnings.warn(
/proj/berzelius-2026-62/users/x_ribec/software/surf-surrogate-env/lib/python3.10/site-packages/sklearn/utils/validation.py:2749: UserWarning: X does not have valid feature names, but StandardScaler was fitted with feature names
  warnings.warn(
/proj/berzelius-2026-62/users/x_ribec/software/surf-surrogate-env/lib/python3.10/site-packages/sklearn/utils/validation.py:2749: UserWarning: X does not have valid feature names, but StandardScaler was fitted with feature names
  warnings.warn(
/proj/berzelius-2026-62/users/x_ribec/software/surf-surrogate-env/lib/python3.10/site-packages/sklearn/utils/validation.py:2749: UserWarning: X does not have valid feature names, but StandardScaler was fitted with feature names
  warnings.warn(
/proj/berzelius-2026-62/users/x_ribec/software/surf-surrogate-env/lib/python3.10/site-packages/sklearn/utils/validation.py:2749: UserWarning: X does not have valid feature names, but StandardScaler was fitted with feature names
  warnings.warn(
/proj/berzelius-2026-62/users/x_ribec/software/surf-surrogate-env/lib/python3.10/site-packages/sklearn/utils/validation.py:2749: UserWarning: X does not have valid feature names, but StandardScaler was fitted with feature names
  warnings.warn(
/proj/berzelius-2026-62/users/x_ribec/software/surf-surrogate-env/lib/python3.10/site-packages/sklearn/utils/validation.py:2749: UserWarning: X does not have valid feature names, but StandardScaler was fitted with feature names
  warnings.warn(
/proj/berzelius-2026-62/users/x_ribec/software/surf-surrogate-env/lib/python3.10/site-packages/sklearn/utils/validation.py:2749: UserWarning: X does not have valid feature names, but StandardScaler was fitted with feature names
  warnings.warn(
/proj/berzelius-2026-62/users/x_ribec/software/surf-surrogate-env/lib/python3.10/site-packages/sklearn/utils/validation.py:2749: UserWarning: X does not have valid feature names, but StandardScaler was fitted with feature names
  warnings.warn(
/proj/berzelius-2026-62/users/x_ribec/software/surf-surrogate-env/lib/python3.10/site-packages/sklearn/utils/validation.py:2749: UserWarning: X does not have valid feature names, but StandardScaler was fitted with feature names
  warnings.warn(
/proj/berzelius-2026-62/users/x_ribec/software/surf-surrogate-env/lib/python3.10/site-packages/sklearn/utils/validation.py:2749: UserWarning: X does not have valid feature names, but StandardScaler was fitted with feature names
  warnings.warn(
/proj/berzelius-2026-62/users/x_ribec/software/surf-surrogate-env/lib/python3.10/site-packages/sklearn/utils/validation.py:2749: UserWarning: X does not have valid feature names, but StandardScaler was fitted with feature names
  warnings.warn(
/proj/berzelius-2026-62/users/x_ribec/software/surf-surrogate-env/lib/python3.10/site-packages/sklearn/utils/validation.py:2749: UserWarning: X does not have valid feature names, but StandardScaler was fitted with feature names
  warnings.warn(
/proj/berzelius-2026-62/users/x_ribec/software/surf-surrogate-env/lib/python3.10/site-packages/sklearn/utils/validation.py:2749: UserWarning: X does not have valid feature names, but StandardScaler was fitted with feature names
  warnings.warn(
/proj/berzelius-2026-62/users/x_ribec/software/surf-surrogate-env/lib/python3.10/site-packages/sklearn/utils/validation.py:2749: UserWarning: X does not have valid feature names, but StandardScaler was fitted with feature names
  warnings.warn(
/proj/berzelius-2026-62/users/x_ribec/software/surf-surrogate-env/lib/python3.10/site-packages/sklearn/utils/validation.py:2749: UserWarning: X does not have valid feature names, but StandardScaler was fitted with feature names
  warnings.warn(
/proj/berzelius-2026-62/users/x_ribec/software/surf-surrogate-env/lib/python3.10/site-packages/sklearn/utils/validation.py:2749: UserWarning: X does not have valid feature names, but StandardScaler was fitted with feature names
  warnings.warn(
/proj/berzelius-2026-62/users/x_ribec/software/surf-surrogate-env/lib/python3.10/site-packages/sklearn/utils/validation.py:2749: UserWarning: X does not have valid feature names, but StandardScaler was fitted with feature names
  warnings.warn(
/proj/berzelius-2026-62/users/x_ribec/software/surf-surrogate-env/lib/python3.10/site-packages/sklearn/utils/validation.py:2749: UserWarning: X does not have valid feature names, but StandardScaler was fitted with feature names
  warnings.warn(
/proj/berzelius-2026-62/users/x_ribec/software/surf-surrogate-env/lib/python3.10/site-packages/sklearn/utils/validation.py:2749: UserWarning: X does not have valid feature names, but StandardScaler was fitted with feature names
  warnings.warn(
/proj/berzelius-2026-62/users/x_ribec/software/surf-surrogate-env/lib/python3.10/site-packages/sklearn/utils/validation.py:2749: UserWarning: X does not have valid feature names, but StandardScaler was fitted with feature names
  warnings.warn(
/proj/berzelius-2026-62/users/x_ribec/software/surf-surrogate-env/lib/python3.10/site-packages/sklearn/utils/validation.py:2749: UserWarning: X does not have valid feature names, but StandardScaler was fitted with feature names
  warnings.warn(
/proj/berzelius-2026-62/users/x_ribec/software/surf-surrogate-env/lib/python3.10/site-packages/sklearn/utils/validation.py:2749: UserWarning: X does not have valid feature names, but StandardScaler was fitted with feature names
  warnings.warn(
/proj/berzelius-2026-62/users/x_ribec/software/surf-surrogate-env/lib/python3.10/site-packages/sklearn/utils/validation.py:2749: UserWarning: X does not have valid feature names, but StandardScaler was fitted with feature names
  warnings.warn(
/proj/berzelius-2026-62/users/x_ribec/software/surf-surrogate-env/lib/python3.10/site-packages/sklearn/utils/validation.py:2749: UserWarning: X does not have valid feature names, but StandardScaler was fitted with feature names
  warnings.warn(
/proj/berzelius-2026-62/users/x_ribec/software/surf-surrogate-env/lib/python3.10/site-packages/sklearn/utils/validation.py:2749: UserWarning: X does not have valid feature names, but StandardScaler was fitted with feature names
  warnings.warn(
/proj/berzelius-2026-62/users/x_ribec/software/surf-surrogate-env/lib/python3.10/site-packages/sklearn/utils/validation.py:2749: UserWarning: X does not have valid feature names, but StandardScaler was fitted with feature names
  warnings.warn(
/proj/berzelius-2026-62/users/x_ribec/software/surf-surrogate-env/lib/python3.10/site-packages/sklearn/utils/validation.py:2749: UserWarning: X does not have valid feature names, but StandardScaler was fitted with feature names
  warnings.warn(
/proj/berzelius-2026-62/users/x_ribec/software/surf-surrogate-env/lib/python3.10/site-packages/sklearn/utils/validation.py:2749: UserWarning: X does not have valid feature names, but StandardScaler was fitted with feature names
  warnings.warn(
/proj/berzelius-2026-62/users/x_ribec/software/surf-surrogate-env/lib/python3.10/site-packages/sklearn/utils/validation.py:2749: UserWarning: X does not have valid feature names, but StandardScaler was fitted with feature names
  warnings.warn(
/proj/berzelius-2026-62/users/x_ribec/software/surf-surrogate-env/lib/python3.10/site-packages/sklearn/utils/validation.py:2749: UserWarning: X does not have valid feature names, but StandardScaler was fitted with feature names
  warnings.warn(
/proj/berzelius-2026-62/users/x_ribec/software/surf-surrogate-env/lib/python3.10/site-packages/sklearn/utils/validation.py:2749: UserWarning: X does not have valid feature names, but StandardScaler was fitted with feature names
  warnings.warn(
/proj/berzelius-2026-62/users/x_ribec/software/surf-surrogate-env/lib/python3.10/site-packages/sklearn/utils/validation.py:2749: UserWarning: X does not have valid feature names, but StandardScaler was fitted with feature names
  warnings.warn(
/proj/berzelius-2026-62/users/x_ribec/software/surf-surrogate-env/lib/python3.10/site-packages/sklearn/utils/validation.py:2749: UserWarning: X does not have valid feature names, but StandardScaler was fitted with feature names
  warnings.warn(
/proj/berzelius-2026-62/users/x_ribec/software/surf-surrogate-env/lib/python3.10/site-packages/sklearn/utils/validation.py:2749: UserWarning: X does not have valid feature names, but StandardScaler was fitted with feature names
  warnings.warn(
/proj/berzelius-2026-62/users/x_ribec/software/surf-surrogate-env/lib/python3.10/site-packages/sklearn/utils/validation.py:2749: UserWarning: X does not have valid feature names, but StandardScaler was fitted with feature names
  warnings.warn(
/proj/berzelius-2026-62/users/x_ribec/software/surf-surrogate-env/lib/python3.10/site-packages/sklearn/utils/validation.py:2749: UserWarning: X does not have valid feature names, but StandardScaler was fitted with feature names
  warnings.warn(
/proj/berzelius-2026-62/users/x_ribec/software/surf-surrogate-env/lib/python3.10/site-packages/sklearn/utils/validation.py:2749: UserWarning: X does not have valid feature names, but StandardScaler was fitted with feature names
  warnings.warn(
/proj/berzelius-2026-62/users/x_ribec/software/surf-surrogate-env/lib/python3.10/site-packages/sklearn/utils/validation.py:2749: UserWarning: X does not have valid feature names, but StandardScaler was fitted with feature names
  warnings.warn(
/proj/berzelius-2026-62/users/x_ribec/software/surf-surrogate-env/lib/python3.10/site-packages/sklearn/utils/validation.py:2749: UserWarning: X does not have valid feature names, but StandardScaler was fitted with feature names
  warnings.warn(
/proj/berzelius-2026-62/users/x_ribec/software/surf-surrogate-env/lib/python3.10/site-packages/sklearn/utils/validation.py:2749: UserWarning: X does not have valid feature names, but StandardScaler was fitted with feature names
  warnings.warn(
/proj/berzelius-2026-62/users/x_ribec/software/surf-surrogate-env/lib/python3.10/site-packages/sklearn/utils/validation.py:2749: UserWarning: X does not have valid feature names, but StandardScaler was fitted with feature names
  warnings.warn(
/proj/berzelius-2026-62/users/x_ribec/software/surf-surrogate-env/lib/python3.10/site-packages/sklearn/utils/validation.py:2749: UserWarning: X does not have valid feature names, but StandardScaler was fitted with feature names
  warnings.warn(
/proj/berzelius-2026-62/users/x_ribec/software/surf-surrogate-env/lib/python3.10/site-packages/sklearn/utils/validation.py:2749: UserWarning: X does not have valid feature names, but StandardScaler was fitted with feature names
  warnings.warn(
/proj/berzelius-2026-62/users/x_ribec/software/surf-surrogate-env/lib/python3.10/site-packages/sklearn/utils/validation.py:2749: UserWarning: X does not have valid feature names, but StandardScaler was fitted with feature names
  warnings.warn(
/proj/berzelius-2026-62/users/x_ribec/software/surf-surrogate-env/lib/python3.10/site-packages/sklearn/utils/validation.py:2749: UserWarning: X does not have valid feature names, but StandardScaler was fitted with feature names
  warnings.warn(
/proj/berzelius-2026-62/users/x_ribec/software/surf-surrogate-env/lib/python3.10/site-packages/sklearn/utils/validation.py:2749: UserWarning: X does not have valid feature names, but StandardScaler was fitted with feature names
  warnings.warn(
/proj/berzelius-2026-62/users/x_ribec/software/surf-surrogate-env/lib/python3.10/site-packages/sklearn/utils/validation.py:2749: UserWarning: X does not have valid feature names, but StandardScaler was fitted with feature names
  warnings.warn(
/proj/berzelius-2026-62/users/x_ribec/software/surf-surrogate-env/lib/python3.10/site-packages/sklearn/utils/validation.py:2749: UserWarning: X does not have valid feature names, but StandardScaler was fitted with feature names
  warnings.warn(
/proj/berzelius-2026-62/users/x_ribec/software/surf-surrogate-env/lib/python3.10/site-packages/sklearn/utils/validation.py:2749: UserWarning: X does not have valid feature names, but StandardScaler was fitted with feature names
  warnings.warn(
/proj/berzelius-2026-62/users/x_ribec/software/surf-surrogate-env/lib/python3.10/site-packages/sklearn/utils/validation.py:2749: UserWarning: X does not have valid feature names, but StandardScaler was fitted with feature names
  warnings.warn(
/proj/berzelius-2026-62/users/x_ribec/software/surf-surrogate-env/lib/python3.10/site-packages/sklearn/utils/validation.py:2749: UserWarning: X does not have valid feature names, but StandardScaler was fitted with feature names
  warnings.warn(
/proj/berzelius-2026-62/users/x_ribec/software/surf-surrogate-env/lib/python3.10/site-packages/sklearn/utils/validation.py:2749: UserWarning: X does not have valid feature names, but StandardScaler was fitted with feature names
  warnings.warn(
/proj/berzelius-2026-62/users/x_ribec/software/surf-surrogate-env/lib/python3.10/site-packages/sklearn/utils/validation.py:2749: UserWarning: X does not have valid feature names, but StandardScaler was fitted with feature names
  warnings.warn(
/proj/berzelius-2026-62/users/x_ribec/software/surf-surrogate-env/lib/python3.10/site-packages/sklearn/utils/validation.py:2749: UserWarning: X does not have valid feature names, but StandardScaler was fitted with feature names
  warnings.warn(
/proj/berzelius-2026-62/users/x_ribec/software/surf-surrogate-env/lib/python3.10/site-packages/sklearn/utils/validation.py:2749: UserWarning: X does not have valid feature names, but StandardScaler was fitted with feature names
  warnings.warn(
/proj/berzelius-2026-62/users/x_ribec/software/surf-surrogate-env/lib/python3.10/site-packages/sklearn/utils/validation.py:2749: UserWarning: X does not have valid feature names, but StandardScaler was fitted with feature names
  warnings.warn(
/proj/berzelius-2026-62/users/x_ribec/software/surf-surrogate-env/lib/python3.10/site-packages/sklearn/utils/validation.py:2749: UserWarning: X does not have valid feature names, but StandardScaler was fitted with feature names
  warnings.warn(
/proj/berzelius-2026-62/users/x_ribec/software/surf-surrogate-env/lib/python3.10/site-packages/sklearn/utils/validation.py:2749: UserWarning: X does not have valid feature names, but StandardScaler was fitted with feature names
  warnings.warn(
/proj/berzelius-2026-62/users/x_ribec/software/surf-surrogate-env/lib/python3.10/site-packages/sklearn/utils/validation.py:2749: UserWarning: X does not have valid feature names, but StandardScaler was fitted with feature names
  warnings.warn(
